Component: ARM Compiler 5.06 update 3 (build 300) Tool: armlink [4d35c9]

==============================================================================

Section Cross References

    main.o(i.HAL_UART_RxCpltCallback) refers to stm32f1xx_hal_uart.o(i.HAL_UART_Receive_IT) for HAL_UART_Receive_IT
    main.o(i.HAL_UART_RxCpltCallback) refers to main.o(.data) for .data
    main.o(i.HAL_UART_RxCpltCallback) refers to main.o(.bss) for .bss
    main.o(i.MX_ADC1_Init) refers to stm32f1xx_hal_adc.o(i.HAL_ADC_Init) for HAL_ADC_Init
    main.o(i.MX_ADC1_Init) refers to main.o(i.Error_Handler) for Error_Handler
    main.o(i.MX_ADC1_Init) refers to stm32f1xx_hal_adc.o(i.HAL_ADC_ConfigChannel) for HAL_ADC_ConfigChannel
    main.o(i.MX_ADC1_Init) refers to main.o(.bss) for .bss
    main.o(i.MX_GPIO_Init) refers to stm32f1xx_hal_gpio.o(i.HAL_GPIO_WritePin) for HAL_GPIO_WritePin
    main.o(i.MX_GPIO_Init) refers to stm32f1xx_hal_gpio.o(i.HAL_GPIO_Init) for HAL_GPIO_Init
    main.o(i.MX_I2C1_Init) refers to stm32f1xx_hal_i2c.o(i.HAL_I2C_Init) for HAL_I2C_Init
    main.o(i.MX_I2C1_Init) refers to main.o(i.Error_Handler) for Error_Handler
    main.o(i.MX_I2C1_Init) refers to main.o(.bss) for .bss
    main.o(i.MX_IWDG_Init) refers to stm32f1xx_hal_iwdg.o(i.HAL_IWDG_Init) for HAL_IWDG_Init
    main.o(i.MX_IWDG_Init) refers to main.o(i.Error_Handler) for Error_Handler
    main.o(i.MX_IWDG_Init) refers to main.o(.bss) for .bss
    main.o(i.MX_USART1_UART_Init) refers to stm32f1xx_hal_uart.o(i.HAL_UART_Init) for HAL_UART_Init
    main.o(i.MX_USART1_UART_Init) refers to main.o(i.Error_Handler) for Error_Handler
    main.o(i.MX_USART1_UART_Init) refers to main.o(.bss) for .bss
    main.o(i.MX_USART2_UART_Init) refers to stm32f1xx_hal_uart.o(i.HAL_UART_Init) for HAL_UART_Init
    main.o(i.MX_USART2_UART_Init) refers to main.o(i.Error_Handler) for Error_Handler
    main.o(i.MX_USART2_UART_Init) refers to main.o(.bss) for .bss
    main.o(i.MX_USART3_UART_Init) refers to stm32f1xx_hal_uart.o(i.HAL_UART_Init) for HAL_UART_Init
    main.o(i.MX_USART3_UART_Init) refers to main.o(i.Error_Handler) for Error_Handler
    main.o(i.MX_USART3_UART_Init) refers to main.o(.bss) for .bss
    main.o(i.SystemClock_Config) refers to stm32f1xx_hal_rcc.o(i.HAL_RCC_OscConfig) for HAL_RCC_OscConfig
    main.o(i.SystemClock_Config) refers to main.o(i.Error_Handler) for Error_Handler
    main.o(i.SystemClock_Config) refers to stm32f1xx_hal_rcc.o(i.HAL_RCC_ClockConfig) for HAL_RCC_ClockConfig
    main.o(i.SystemClock_Config) refers to stm32f1xx_hal_rcc_ex.o(i.HAL_RCCEx_PeriphCLKConfig) for HAL_RCCEx_PeriphCLKConfig
    main.o(i.SystemClock_Config) refers to stm32f1xx_hal_rcc.o(i.HAL_RCC_GetHCLKFreq) for HAL_RCC_GetHCLKFreq
    main.o(i.SystemClock_Config) refers to stm32f1xx_hal_cortex.o(i.HAL_SYSTICK_Config) for HAL_SYSTICK_Config
    main.o(i.SystemClock_Config) refers to stm32f1xx_hal_cortex.o(i.HAL_SYSTICK_CLKSourceConfig) for HAL_SYSTICK_CLKSourceConfig
    main.o(i.SystemClock_Config) refers to stm32f1xx_hal_cortex.o(i.HAL_NVIC_SetPriority) for HAL_NVIC_SetPriority
    main.o(i.coor_check) refers to fadd.o(.text) for __aeabi_fadd
    main.o(i.coor_check) refers to cfrcmple.o(.text) for __aeabi_cfrcmple
    main.o(i.coor_check) refers to cfcmple.o(.text) for __aeabi_cfcmple
    main.o(i.coor_check) refers to main.o(.data) for .data
    main.o(i.main) refers to stm32f1xx_hal.o(i.HAL_Init) for HAL_Init
    main.o(i.main) refers to main.o(i.SystemClock_Config) for SystemClock_Config
    main.o(i.main) refers to main.o(i.MX_GPIO_Init) for MX_GPIO_Init
    main.o(i.main) refers to main.o(i.MX_I2C1_Init) for MX_I2C1_Init
    main.o(i.main) refers to main.o(i.MX_USART1_UART_Init) for MX_USART1_UART_Init
    main.o(i.main) refers to main.o(i.MX_USART3_UART_Init) for MX_USART3_UART_Init
    main.o(i.main) refers to main.o(i.MX_USART2_UART_Init) for MX_USART2_UART_Init
    main.o(i.main) refers to main.o(i.MX_IWDG_Init) for MX_IWDG_Init
    main.o(i.main) refers to main.o(i.MX_ADC1_Init) for MX_ADC1_Init
    main.o(i.main) refers to mpu6050.o(i.imu_begin) for imu_begin
    main.o(i.main) refers to tm_stm32f4_bmp180.o(i.TM_BMP180_Init) for TM_BMP180_Init
    main.o(i.main) refers to stm32f1xx_hal_uart.o(i.HAL_UART_Receive_IT) for HAL_UART_Receive_IT
    main.o(i.main) refers to stm32f1xx_hal.o(i.HAL_GetTick) for HAL_GetTick
    main.o(i.main) refers to stm32f1xx_hal_gpio.o(i.HAL_GPIO_WritePin) for HAL_GPIO_WritePin
    main.o(i.main) refers to main.o(i.coor_check) for coor_check
    main.o(i.main) refers to fadd.o(.text) for __aeabi_fsub
    main.o(i.main) refers to f2d.o(.text) for __aeabi_f2d
    main.o(i.main) refers to atan2.o(i.atan2) for atan2
    main.o(i.main) refers to dmul.o(.text) for __aeabi_dmul
    main.o(i.main) refers to dadd.o(.text) for __aeabi_dadd
    main.o(i.main) refers to d2f.o(.text) for __aeabi_d2f
    main.o(i.main) refers to fmul.o(.text) for __aeabi_fmul
[...]
    .text                                    0x08000100   Section       36  startup_stm32f103xb.o(.text)
    .text                                    0x08000124   Section        0  llushr.o(.text)
    .text                                    0x08000144   Section        0  strlen.o(.text)
    .text                                    0x08000152   Section        0  strcpy.o(.text)
    .text                                    0x08000164   Section        0  atoi.o(.text)
    .text                                    0x0800017e   Section        0  fadd.o(.text)
    .text                                    0x0800022e   Section        0  fmul.o(.text)
    .text                                    0x08000292   Section        0  fdiv.o(.text)
    .text                                    0x0800030e   Section        0  fscalb.o(.text)
    .text                                    0x08000326   Section        0  dadd.o(.text)
    .text                                    0x08000474   Section        0  dmul.o(.text)
    .text                                    0x08000558   Section        0  ddiv.o(.text)
    .text                                    0x08000636   Section        0  dscalb.o(.text)
    .text                                    0x08000664   Section        0  fflti.o(.text)
    .text                                    0x08000676   Section        0  ffltui.o(.text)
    .text                                    0x08000680   Section        0  dflti.o(.text)
    .text                                    0x080006a2   Section        0  dfltui.o(.text)
    .text                                    0x080006bc   Section        0  ffixi.o(.text)
    .text                                    0x080006ee   Section        0  ffixui.o(.text)
    .text                                    0x08000716   Section        0  dfixi.o(.text)
    .text                                    0x08000754   Section        0  f2d.o(.text)
    .text                                    0x0800077a   Section        0  d2f.o(.text)
    .text                                    0x080007b4   Section       20  cfcmple.o(.text)
    .text                                    0x080007c8   Section       20  cfrcmple.o(.text)
    .text                                    0x080007dc   Section        0  uidiv.o(.text)
    .text                                    0x08000808   Section        0  uldiv.o(.text)
    .text                                    0x0800086a   Section        0  llshl.o(.text)
    .text                                    0x08000888   Section        0  llsshr.o(.text)
    .text                                    0x080008ac   Section        0  strtod.o(.text)
    _local_sscanf                            0x080008ad   Thumb Code    54  strtod.o(.text)
    .text                                    0x08000948   Section        0  strtol.o(.text)
    .text                                    0x080009b8   Section        0  fepilogue.o(.text)
    .text                                    0x080009b8   Section        0  iusefp.o(.text)
    .text                                    0x08000a26   Section        0  depilogue.o(.text)
    .text                                    0x08000ae0   Section        0  dsqrt.o(.text)
    .text                                    0x08000b82   Section        0  dfixul.o(.text)
    .text                                    0x08000bb4   Section       48  cdrcmple.o(.text)
    .text                                    0x08000be4   Section       36  init.o(.text)
    .text                                    0x08000c08   Section        0  ctype_o.o(.text)
    .text                                    0x08000c10   Section        0  isspace_o.o(.text)
    .text                                    0x08000c24   Section        0  scanf_fp.o(.text)
    _fp_value                                0x08000c25   Thumb Code   256  scanf_fp.o(.text)
    .text                                    0x08000f5c   Section        0  _sgetc.o(.text)
    .text                                    0x08000f9c   Section        0  _strtoul.o(.text)
    .text                                    0x0800103a   Section        0  _chval.o(.text)
    .text                                    0x08001056   Section        0  dfltul.o(.text)
    i.ADC_ConversionStop_Disable             0x0800106e   Section        0  stm32f1xx_hal_adc.o(i.ADC_ConversionStop_Disable)
    i.BusFault_Handler                       0x080010b8   Section        0  stm32f1xx_it.o(i.BusFault_Handler)
    i.DebugMon_Handler                       0x080010ba   Section        0  stm32f1xx_it.o(i.DebugMon_Handler)
    i.Error_Handler                          0x080010bc   Section        0  main.o(i.Error_Handler)
    i.HAL_ADC_ConfigChannel                  0x080010c0   Section        0  stm32f1xx_hal_adc.o(i.HAL_ADC_ConfigChannel)
    i.HAL_ADC_Init                           0x0800125c   Section        0  stm32f1xx_hal_adc.o(i.HAL_ADC_Init)
    i.HAL_ADC_MspInit                        0x08001398   Section        0  stm32f1xx_hal_msp.o(i.HAL_ADC_MspInit)
    i.HAL_Delay                              0x080013d8   Section        0  stm32f1xx_hal.o(i.HAL_Delay)
    i.HAL_GPIO_Init                          0x080013f0   Section        0  stm32f1xx_hal_gpio.o(i.HAL_GPIO_Init)
    i.HAL_GPIO_WritePin                      0x080015dc   Section        0  stm32f1xx_hal_gpio.o(i.HAL_GPIO_WritePin)
    i.HAL_GetTick                            0x080015ec   Section        0  stm32f1xx_hal.o(i.HAL_GetTick)
    i.HAL_I2C_Init                           0x080015f8   Section        0  stm32f1xx_hal_i2c.o(i.HAL_I2C_Init)
    i.HAL_I2C_IsDeviceReady                  0x080016a4   Section        0  stm32f1xx_hal_i2c.o(i.HAL_I2C_IsDeviceReady)
    i.HAL_I2C_Mem_Read                       0x080017f4   Section        0  stm32f1xx_hal_i2c.o(i.HAL_I2C_Mem_Read)
    i.HAL_I2C_Mem_Write                      0x080019f4   Section        0  stm32f1xx_hal_i2c.o(i.HAL_I2C_Mem_Write)
    i.HAL_I2C_MspInit                        0x08001b0c   Section        0  stm32f1xx_hal_msp.o(i.HAL_I2C_MspInit)
    i.HAL_IWDG_Init                          0x08001b60   Section        0  stm32f1xx_hal_iwdg.o(i.HAL_IWDG_Init)
    i.HAL_IWDG_MspInit                       0x08001bc2   Section        0  stm32f1xx_hal_iwdg.o(i.HAL_IWDG_MspInit)
    i.HAL_IncTick                            0x08001bc4   Section        0  stm32f1xx_hal.o(i.HAL_IncTick)
    i.HAL_Init                               0x08001bd4   Section        0  stm32f1xx_hal.o(i.HAL_Init)
    i.HAL_InitTick                           0x08001bf8   Section        0  stm32f1xx_hal.o(i.HAL_InitTick)
    i.HAL_MspInit                            0x08001c1c   Section        0  stm32f1xx_hal_msp.o(i.HAL_MspInit)
    i.HAL_NVIC_EnableIRQ                     0x08001c9c   Section        0  stm32f1xx_hal_cortex.o(i.HAL_NVIC_EnableIRQ)
    i.HAL_NVIC_SetPriority                   0x08001cb4   Section        0  stm32f1xx_hal_cortex.o(i.HAL_NVIC_SetPriority)
    i.HAL_NVIC_SetPriorityGrouping           0x08001cf4   Section        0  stm32f1xx_hal_cortex.o(i.HAL_NVIC_SetPriorityGrouping)
    i.HAL_RCCEx_PeriphCLKConfig              0x08001d18   Section        0  stm32f1xx_hal_rcc_ex.o(i.HAL_RCCEx_PeriphCLKConfig)
    i.HAL_RCC_ClockConfig                    0x08001e48   Section        0  stm32f1xx_hal_rcc.o(i.HAL_RCC_ClockConfig)
    i.HAL_RCC_GetHCLKFreq                    0x08002028   Section        0  stm32f1xx_hal_rcc.o(i.HAL_RCC_GetHCLKFreq)
    i.HAL_RCC_GetPCLK1Freq                   0x08002034   Section        0  stm32f1xx_hal_rcc.o(i.HAL_RCC_GetPCLK1Freq)
    i.HAL_RCC_GetPCLK2Freq                   0x08002060   Section        0  stm32f1xx_hal_rcc.o(i.HAL_RCC_GetPCLK2Freq)
    i.HAL_RCC_GetSysClockFreq                0x0800208c   Section        0  stm32f1xx_hal_rcc.o(i.HAL_RCC_GetSysClockFreq)
    i.HAL_RCC_OscConfig                      0x0800211c   Section        0  stm32f1xx_hal_rcc.o(i.HAL_RCC_OscConfig)
    i.HAL_SYSTICK_CLKSourceConfig            0x08002706   Section        0  stm32f1xx_hal_cortex.o(i.HAL_SYSTICK_CLKSourceConfig)
    i.HAL_SYSTICK_Callback                   0x08002722   Section        0  stm32f1xx_hal_cortex.o(i.HAL_SYSTICK_Callback)
    i.HAL_SYSTICK_Config                     0x08002724   Section        0  stm32f1xx_hal_cortex.o(i.HAL_SYSTICK_Config)
    i.HAL_SYSTICK_IRQHandler                 0x0800274c   Section        0  stm32f1xx_hal_cortex.o(i.HAL_SYSTICK_IRQHandler)
    i.HAL_UART_ErrorCallback                 0x08002754   Section        0  stm32f1xx_hal_uart.o(i.HAL_UART_ErrorCallback)
    i.HAL_UART_IRQHandler                    0x08002756   Section        0  stm32f1xx_hal_uart.o(i.HAL_UART_IRQHandler)
    i.HAL_UART_Init                          0x08002814   Section        0  stm32f1xx_hal_uart.o(i.HAL_UART_Init)
    i.HAL_UART_MspInit                       0x08002874   Section        0  stm32f1xx_hal_msp.o(i.HAL_UART_MspInit)
    i.HAL_UART_Receive_IT                    0x08002978   Section        0  stm32f1xx_hal_uart.o(i.HAL_UART_Receive_IT)
    i.HAL_UART_RxCpltCallback                0x080029e8   Section        0  main.o(i.HAL_UART_RxCpltCallback)
    i.HAL_UART_Transmit                      0x08002ab8   Section        0  stm32f1xx_hal_uart.o(i.HAL_UART_Transmit)
    i.HAL_UART_Transmit_IT                   0x08002b90   Section        0  stm32f1xx_hal_uart.o(i.HAL_UART_Transmit_IT)
    i.HAL_UART_TxCpltCallback                0x08002bec   Section        0  stm32f1xx_hal_uart.o(i.HAL_UART_TxCpltCallback)
    i.HardFault_Handler                      0x08002bee   Section        0  stm32f1xx_it.o(i.HardFault_Handler)
    i.I2C_Configure_Speed                    0x08002bf0   Section        0  stm32f1xx_hal_i2c.o(i.I2C_Configure_Speed)
    I2C_Configure_Speed                      0x08002bf1   Thumb Code    68  stm32f1xx_hal_i2c.o(i.I2C_Configure_Speed)
    i.I2C_IsAcknowledgeFailed                0x08002c38   Section        0  stm32f1xx_hal_i2c.o(i.I2C_IsAcknowledgeFailed)
    I2C_IsAcknowledgeFailed                  0x08002c39   Thumb Code    40  stm32f1xx_hal_i2c.o(i.I2C_IsAcknowledgeFailed)
    i.I2C_RequestMemoryRead                  0x08002c60   Section        0  stm32f1xx_hal_i2c.o(i.I2C_RequestMemoryRead)
    I2C_RequestMemoryRead                    0x08002c61   Thumb Code   300  stm32f1xx_hal_i2c.o(i.I2C_RequestMemoryRead)
    i.I2C_RequestMemoryWrite                 0x08002d90   Section        0  stm32f1xx_hal_i2c.o(i.I2C_RequestMemoryWrite)
    I2C_RequestMemoryWrite                   0x08002d91   Thumb Code   184  stm32f1xx_hal_i2c.o(i.I2C_RequestMemoryWrite)
    i.I2C_WaitOnFlagUntilTimeout             0x08002e4c   Section        0  stm32f1xx_hal_i2c.o(i.I2C_WaitOnFlagUntilTimeout)
    I2C_WaitOnFlagUntilTimeout               0x08002e4d   Thumb Code   174  stm32f1xx_hal_i2c.o(i.I2C_WaitOnFlagUntilTimeout)
    i.I2C_WaitOnMasterAddressFlagUntilTimeout 0x08002efa   Section        0  stm32f1xx_hal_i2c.o(i.I2C_WaitOnMasterAddressFlagUntilTimeout)
    I2C_WaitOnMasterAddressFlagUntilTimeout  0x08002efb   Thumb Code   146  stm32f1xx_hal_i2c.o(i.I2C_WaitOnMasterAddressFlagUntilTimeout)
    i.I2C_WaitOnRXNEFlagUntilTimeout         0x08002f8c   Section        0  stm32f1xx_hal_i2c.o(i.I2C_WaitOnRXNEFlagUntilTimeout)
    I2C_WaitOnRXNEFlagUntilTimeout           0x08002f8d   Thumb Code   102  stm32f1xx_hal_i2c.o(i.I2C_WaitOnRXNEFlagUntilTimeout)
    i.I2C_WaitOnTXEFlagUntilTimeout          0x08002ff2   Section        0  stm32f1xx_hal_i2c.o(i.I2C_WaitOnTXEFlagUntilTimeout)
    I2C_WaitOnTXEFlagUntilTimeout            0x08002ff3   Thumb Code    78  stm32f1xx_hal_i2c.o(i.I2C_WaitOnTXEFlagUntilTimeout)
    i.MX_ADC1_Init                           0x08003040   Section        0  main.o(i.MX_ADC1_Init)
    MX_ADC1_Init                             0x08003041   Thumb Code    64  main.o(i.MX_ADC1_Init)
    i.MX_GPIO_Init                           0x08003088   Section        0  main.o(i.MX_GPIO_Init)
    MX_GPIO_Init                             0x08003089   Thumb Code   134  main.o(i.MX_GPIO_Init)
    i.MX_I2C1_Init                           0x0800311c   Section        0  main.o(i.MX_I2C1_Init)
    MX_I2C1_Init                             0x0800311d   Thumb Code    46  main.o(i.MX_I2C1_Init)
    i.MX_IWDG_Init                           0x08003158   Section        0  main.o(i.MX_IWDG_Init)
    MX_IWDG_Init                             0x08003159   Thumb Code    32  main.o(i.MX_IWDG_Init)
    i.MX_USART1_UART_Init                    0x08003180   Section        0  main.o(i.MX_USART1_UART_Init)
    MX_USART1_UART_Init                      0x08003181   Thumb Code    44  main.o(i.MX_USART1_UART_Init)
    i.MX_USART2_UART_Init                    0x080031b4   Section        0  main.o(i.MX_USART2_UART_Init)
    MX_USART2_UART_Init                      0x080031b5   Thumb Code    44  main.o(i.MX_USART2_UART_Init)
    i.MX_USART3_UART_Init                    0x080031e8   Section        0  main.o(i.MX_USART3_UART_Init)
    MX_USART3_UART_Init                      0x080031e9   Thumb Code    44  main.o(i.MX_USART3_UART_Init)
    i.MemManage_Handler                      0x0800321c   Section        0  stm32f1xx_it.o(i.MemManage_Handler)
    i.NMI_Handler                            0x0800321e   Section        0  stm32f1xx_it.o(i.NMI_Handler)
    i.NVIC_SetPriority                       0x08003220   Section        0  stm32f1xx_hal_cortex.o(i.NVIC_SetPriority)
    NVIC_SetPriority                         0x08003221   Thumb Code    32  stm32f1xx_hal_cortex.o(i.NVIC_SetPriority)
    i.PendSV_Handler                         0x08003240   Section        0  stm32f1xx_it.o(i.PendSV_Handler)
    i.SVC_Handler                            0x08003242   Section        0  stm32f1xx_it.o(i.SVC_Handler)
    i.SysTick_Handler                        0x08003244   Section        0  stm32f1xx_it.o(i.SysTick_Handler)
    i.SystemClock_Config                     0x08003252   Section        0  main.o(i.SystemClock_Config)
    i.SystemInit                             0x080032d0   Section        0  system_stm32f1xx.o(i.SystemInit)
    i.TM_BMP180_Init                         0x08003318   Section        0  tm_stm32f4_bmp180.o(i.TM_BMP180_Init)
    i.TM_BMP180_ReadPressure                 0x080033f0   Section        0  tm_stm32f4_bmp180.o(i.TM_BMP180_ReadPressure)
    i.TM_BMP180_ReadTemperature              0x08003600   Section        0  tm_stm32f4_bmp180.o(i.TM_BMP180_ReadTemperature)
    i.TM_BMP180_StartPressure                0x08003684   Section        0  tm_stm32f4_bmp180.o(i.TM_BMP180_StartPressure)
    i.TM_BMP180_StartTemperature             0x080036fc   Section        0  tm_stm32f4_bmp180.o(i.TM_BMP180_StartTemperature)
    i.TM_GPS_ConvertFloat                    0x08003740   Section        0  rover_gps.o(i.TM_GPS_ConvertFloat)
    i.TM_GPS_ConvertSpeed                    0x080037ac   Section        0  rover_gps.o(i.TM_GPS_ConvertSpeed)
    i.TM_GPS_INT_Atoi                        0x08003854   Section        0  rover_gps.o(i.TM_GPS_INT_Atoi)
    i.TM_GPS_INT_CheckEmpty                  0x08003880   Section        0  rover_gps.o(i.TM_GPS_INT_CheckEmpty)
    i.TM_GPS_INT_CheckTerm                   0x0800398c   Section        0  rover_gps.o(i.TM_GPS_INT_CheckTerm)
    i.TM_GPS_INT_ClearFlags                  0x08004084   Section        0  rover_gps.o(i.TM_GPS_INT_ClearFlags)
    i.TM_GPS_INT_Do                          0x080040ac   Section        0  rover_gps.o(i.TM_GPS_INT_Do)
    i.TM_GPS_INT_FlagsOk                     0x080041ac   Section        0  rover_gps.o(i.TM_GPS_INT_FlagsOk)
    i.TM_GPS_INT_Hex2Dec                     0x080041e4   Section        0  rover_gps.o(i.TM_GPS_INT_Hex2Dec)
    i.TM_GPS_INT_Pow                         0x08004210   Section        0  rover_gps.o(i.TM_GPS_INT_Pow)
    i.TM_GPS_INT_Return                      0x08004220   Section        0  rover_gps.o(i.TM_GPS_INT_Return)
    i.TM_GPS_INT_StringStartsWith            0x080042e0   Section        0  rover_gps.o(i.TM_GPS_INT_StringStartsWith)
    i.TM_GPS_Update                          0x080042fc   Section        0  rover_gps.o(i.TM_GPS_Update)
    i.UART_EndTransmit_IT                    0x08004348   Section        0  stm32f1xx_hal_uart.o(i.UART_EndTransmit_IT)
    UART_EndTransmit_IT                      0x08004349   Thumb Code    42  stm32f1xx_hal_uart.o(i.UART_EndTransmit_IT)
    i.UART_Receive_IT                        0x08004372   Section        0  stm32f1xx_hal_uart.o(i.UART_Receive_IT)
    UART_Receive_IT                          0x08004373   Thumb Code   176  stm32f1xx_hal_uart.o(i.UART_Receive_IT)
    i.UART_SetConfig                         0x08004424   Section        0  stm32f1xx_hal_uart.o(i.UART_SetConfig)
    UART_SetConfig                           0x08004425   Thumb Code   408  stm32f1xx_hal_uart.o(i.UART_SetConfig)
    i.UART_Transmit_IT                       0x080045c0   Section        0  stm32f1xx_hal_uart.o(i.UART_Transmit_IT)
    UART_Transmit_IT                         0x080045c1   Thumb Code   106  stm32f1xx_hal_uart.o(i.UART_Transmit_IT)
    i.UART_WaitOnFlagUntilTimeout            0x0800462a   Section        0  stm32f1xx_hal_uart.o(i.UART_WaitOnFlagUntilTimeout)
    UART_WaitOnFlagUntilTimeout              0x0800462b   Thumb Code   198  stm32f1xx_hal_uart.o(i.UART_WaitOnFlagUntilTimeout)
    i.USART1_IRQHandler                      0x080046f0   Section        0  stm32f1xx_it.o(i.USART1_IRQHandler)
    i.USART2_IRQHandler                      0x080046fc   Section        0  stm32f1xx_it.o(i.USART2_IRQHandler)
    i.USART3_IRQHandler                      0x08004708   Section        0  stm32f1xx_it.o(i.USART3_IRQHandler)
    i.UsageFault_Handler                     0x08004714   Section        0  stm32f1xx_it.o(i.UsageFault_Handler)
    i.__0sprintf                             0x08004718   Section        0  printfa.o(i.__0sprintf)
    i.__ARM_fpclassify                       0x08004740   Section        0  fpclassify.o(i.__ARM_fpclassify)
    i.__aeabi_errno_addr                     0x08004768   Section        0  errno.o(i.__aeabi_errno_addr)
    i.__kernel_poly                          0x08004770   Section        0  poly.o(i.__kernel_poly)
    i.__mathlib_dbl_divzero                  0x0800481c   Section        0  dunder.o(i.__mathlib_dbl_divzero)
    i.__mathlib_dbl_infnan                   0x0800482c   Section        0  dunder.o(i.__mathlib_dbl_infnan)
    i.__mathlib_dbl_infnan2                  0x08004832   Section        0  dunder.o(i.__mathlib_dbl_infnan2)
    i.__mathlib_dbl_invalid                  0x08004836   Section        0  dunder.o(i.__mathlib_dbl_invalid)
    i.__mathlib_dbl_overflow                 0x08004842   Section        0  dunder.o(i.__mathlib_dbl_overflow)
    i.__mathlib_dbl_underflow                0x08004850   Section        0  dunder.o(i.__mathlib_dbl_underflow)
    i.__read_errno                           0x08004860   Section        0  errno.o(i.__read_errno)
    i.__scatterload_copy                     0x0800486c   Section       14  handlers.o(i.__scatterload_copy)
    i.__scatterload_null                     0x0800487a   Section        2  handlers.o(i.__scatterload_null)
    i.__scatterload_zeroinit                 0x0800487c   Section       14  handlers.o(i.__scatterload_zeroinit)
    i.__set_errno                            0x0800488c   Section        0  errno.o(i.__set_errno)
    i._fp_digits                             0x08004898   Section        0  printfa.o(i._fp_digits)
    _fp_digits                               0x08004899   Thumb Code   366  printfa.o(i._fp_digits)
    i._is_digit                              0x08004a1c   Section        0  scanf_fp.o(i._is_digit)
    i._printf_core                           0x08004a2c   Section        0  printfa.o(i._printf_core)
    _printf_core                             0x08004a2d   Thumb Code  1744  printfa.o(i._printf_core)
    i._printf_post_padding                   0x08005108   Section        0  printfa.o(i._printf_post_padding)
    _printf_post_padding                     0x08005109   Thumb Code    36  printfa.o(i._printf_post_padding)
    i._printf_pre_padding                    0x0800512c   Section        0  printfa.o(i._printf_pre_padding)
    _printf_pre_padding                      0x0800512d   Thumb Code    46  printfa.o(i._printf_pre_padding)
    i._sputc                                 0x0800515a   Section        0  printfa.o(i._sputc)
    _sputc                                   0x0800515b   Thumb Code    10  printfa.o(i._sputc)
    i.atan                                   0x08005164   Section        0  atan.o(i.atan)
    i.atan2                                  0x08005384   Section        0  atan2.o(i.atan2)
    i.atof                                   0x08005504   Section        0  atof.o(i.atof)
    i.checksum                               0x0800552e   Section        0  rover_gps.o(i.checksum)
    i.coor_check                             0x0800554c   Section        0  main.o(i.coor_check)
    i.imu_begin                              0x080055ac   Section        0  mpu6050.o(i.imu_begin)
    i.kalman_filter                          0x08005610   Section        0  mpu6050.o(i.kalman_filter)
    kalman_filter                            0x08005611   Thumb Code   502  mpu6050.o(i.kalman_filter)
    i.magnet_calibration                     0x0800582c   Section        0  mpu6050.o(i.magnet_calibration)
    magnet_calibration                       0x0800582d   Thumb Code   104  mpu6050.o(i.magnet_calibration)
    i.magnet_read_data                       0x08005898   Section        0  mpu6050.o(i.magnet_read_data)
    i.main                                   0x080059a0   Section        0  main.o(i.main)
    i.pow                                    0x080062b8   Section        0  pow.o(i.pow)
    i.read_gps_data                          0x08006c90   Section        0  rover_gps.o(i.read_gps_data)
    i.read_register                          0x08006fa8   Section        0  mpu6050.o(i.read_register)
    read_register                            0x08006fa9   Thumb Code    36  mpu6050.o(i.read_register)
    i.send_message_to_mc                     0x08006fd0   Section        0  main.o(i.send_message_to_mc)
    i.sqrt                                   0x08007094   Section        0  sqrt.o(i.sqrt)
    i.write_register                         0x080070e0   Section        0  mpu6050.o(i.write_register)
    write_register                           0x080070e1   Thumb Code    34  mpu6050.o(i.write_register)
    .constdata                               0x08007108   Section       16  system_stm32f1xx.o(.constdata)
    .constdata                               0x08007118   Section        8  system_stm32f1xx.o(.constdata)
    .constdata                               0x08007120   Section      136  pow.o(.constdata)
    bp                                       0x08007120   Data          16  pow.o(.constdata)
    dp_h                                     0x08007130   Data          16  pow.o(.constdata)
    dp_l                                     0x08007140   Data          16  pow.o(.constdata)
    L                                        0x08007150   Data          48  pow.o(.constdata)
    P                                        0x08007180   Data          40  pow.o(.constdata)
    .constdata                               0x080071a8   Section      152  atan.o(.constdata)
    atanhi                                   0x080071a8   Data          32  atan.o(.constdata)
    atanlo                                   0x080071c8   Data          32  atan.o(.constdata)
    aTodd                                    0x080071e8   Data          40  atan.o(.constdata)
    aTeven                                   0x08007210   Data          48  atan.o(.constdata)
    .constdata                               0x08007240   Section        8  qnan.o(.constdata)
    .constdata                               0x08007248   Section      129  ctype_o.o(.constdata)
    .constdata                               0x080072cc   Section        4  ctype_o.o(.constdata)
    table                                    0x080072cc   Data           4  ctype_o.o(.constdata)
    .data                                    0x20000000   Section      150  main.o(.data)
    .data                                    0x20000098   Section        4  system_stm32f1xx.o(.data)
    .data                                    0x2000009c   Section        4  stm32f1xx_hal.o(.data)
    uwTick                                   0x2000009c   Data           4  stm32f1xx_hal.o(.data)
    .data                                    0x200000a0   Section       20  mpu6050.o(.data)
    .data                                    0x200000b4   Section       72  tm_stm32f4_bmp180.o(.data)
    .data                                    0x200000fc   Section       27  rover_gps.o(.data)
    TM_GPS_Statement                         0x200000fc   Data           1  rover_gps.o(.data)
    ids_count                                0x20000101   Data           1  rover_gps.o(.data)
    GPS_Term_Number                          0x20000102   Data           1  rover_gps.o(.data)
    GPS_Term_Pos                             0x20000103   Data           1  rover_gps.o(.data)
    TM_GPS_CRC                               0x20000104   Data           1  rover_gps.o(.data)
    TM_GPS_CRC_Received                      0x20000105   Data           1  rover_gps.o(.data)
    TM_GPS_Star                              0x20000106   Data           1  rover_gps.o(.data)
    TM_GPS_FirstTime                         0x20000107   Data           1  rover_gps.o(.data)
    GPS_Flags                                0x20000108   Data           4  rover_gps.o(.data)
    GPS_Flags_OK                             0x2000010c   Data           4  rover_gps.o(.data)
    GPS_Statement_Name                       0x20000110   Data           7  rover_gps.o(.data)
    .data                                    0x20000118   Section        4  errno.o(.data)
    _errno                                   0x20000118   Data           4  errno.o(.data)
    .bss                                     0x2000011c   Section      766  main.o(.bss)
    .bss                                     0x2000041c   Section      148  mpu6050.o(.bss)
    .bss                                     0x200004b0   Section      592  rover_gps.o(.bss)
    GPS_Term                                 0x200005d0   Data          15  rover_gps.o(.bss)
    STACK                                    0x20000700   Section     1024  startup_stm32f103xb.o(STACK)

    Global Symbols

    Symbol Name                              Value     Ov Type        Size  Object(Section)

    BuildAttributes$$THM_ISAv4$P$D$K$B$S$PE$A:L22UL41UL21$X:L11$S22US41US21$IEEE1$IW$USESV6$~STKCKD$USESV7$~SHL$OTIME$ROPI$IEEEX$EBA8$MICROLIB$REQ8$PRES8$EABIv2 0x00000000   Number         0  anon$$obj.o ABSOLUTE
    __ARM_use_no_argv                        0x00000000   Number         0  main.o ABSOLUTE
    _printf_a                                0x00000000   Number         0  stubs.o ABSOLUTE
    _printf_c                                0x00000000   Number         0  stubs.o ABSOLUTE
    _printf_charcount                        0x00000000   Number         0  stubs.o ABSOLUTE
    _printf_d                                0x00000000   Number         0  stubs.o ABSOLUTE
    _printf_e                                0x00000000   Number         0  stubs.o ABSOLUTE
    _printf_f                                0x00000000   Number         0  stubs.o ABSOLUTE
    _printf_flags                            0x00000000   Number         0  stubs.o ABSOLUTE
    _printf_fp_dec                           0x00000000   Number         0  stubs.o ABSOLUTE
    _printf_fp_hex                           0x00000000   Number         0  stubs.o ABSOLUTE
    _printf_g                                0x00000000   Number         0  stubs.o ABSOLUTE
    _printf_i                                0x00000000   Number         0  stubs.o ABSOLUTE
    _printf_int_dec                          0x00000000   Number         0  stubs.o ABSOLUTE
    _printf_l                                0x00000000   Number         0  stubs.o ABSOLUTE
    _printf_lc                               0x00000000   Number         0  stubs.o ABSOLUTE
    _printf_ll                               0x00000000   Number         0  stubs.o ABSOLUTE
    _printf_lld                              0x00000000   Number         0  stubs.o ABSOLUTE
    _printf_lli                              0x00000000   Number         0  stubs.o ABSOLUTE
    _printf_llo                              0x00000000   Number         0  stubs.o ABSOLUTE
    _printf_llu                              0x00000000   Number         0  stubs.o ABSOLUTE
    _printf_llx                              0x00000000   Number         0  stubs.o ABSOLUTE
    _printf_longlong_dec                     0x00000000   Number         0  stubs.o ABSOLUTE
    _printf_longlong_hex                     0x00000000   Number         0  stubs.o ABSOLUTE
    _printf_longlong_oct                     0x00000000   Number         0  stubs.o ABSOLUTE
    _printf_ls                               0x00000000   Number         0  stubs.o ABSOLUTE
    _printf_mbtowc                           0x00000000   Number         0  stubs.o ABSOLUTE
    _printf_n                                0x00000000   Number         0  stubs.o ABSOLUTE
    _printf_o                                0x00000000   Number         0  stubs.o ABSOLUTE
    _printf_p                                0x00000000   Number         0  stubs.o ABSOLUTE
    _printf_percent                          0x00000000   Number         0  stubs.o ABSOLUTE
    _printf_pre_padding                      0x00000000   Number         0  stubs.o ABSOLUTE
    _printf_return_value                     0x00000000   Number         0  stubs.o ABSOLUTE
    _printf_s                                0x00000000   Number         0  stubs.o ABSOLUTE
    _printf_sizespec                         0x00000000   Number         0  stubs.o ABSOLUTE
    _printf_str                              0x00000000   Number         0  stubs.o ABSOLUTE
    _printf_truncate_signed                  0x00000000   Number         0  stubs.o ABSOLUTE
    _printf_truncate_unsigned                0x00000000   Number         0  stubs.o ABSOLUTE
    _printf_u                                0x00000000   Number         0  stubs.o ABSOLUTE
    _printf_wc                               0x00000000   Number         0  stubs.o ABSOLUTE
    _printf_wctomb                           0x00000000   Number         0  stubs.o ABSOLUTE
    _printf_widthprec                        0x00000000   Number         0  stubs.o ABSOLUTE
    _printf_x                                0x00000000   Number         0  stubs.o ABSOLUTE
    __cpp_initialize__aeabi_                  - Undefined Weak Reference
    __cxa_finalize                            - Undefined Weak Reference
    __decompress                              - Undefined Weak Reference
    _clock_init                               - Undefined Weak Reference
    _microlib_exit                            - Undefined Weak Reference
    __Vectors_Size                           0x000000ec   Number         0  startup_stm32f103xb.o ABSOLUTE
    __Vectors                                0x08000000   Data           4  startup_stm32f103xb.o(RESET)
    __Vectors_End                            0x080000ec   Data           0  startup_stm32f103xb.o(RESET)
    __main                                   0x080000ed   Thumb Code     0  entry.o(.ARM.Collect$$$$00000000)
    _main_stk                                0x080000ed   Thumb Code     0  entry2.o(.ARM.Collect$$$$00000001)
    _main_scatterload                        0x080000f1   Thumb Code     0  entry5.o(.ARM.Collect$$$$00000004)
    __main_after_scatterload                 0x080000f5   Thumb Code     0  entry5.o(.ARM.Collect$$$$00000004)
    _main_clock                              0x080000f5   Thumb Code     0  entry7b.o(.ARM.Collect$$$$00000008)
    _main_cpp_init                           0x080000f5   Thumb Code     0  entry8b.o(.ARM.Collect$$$$0000000A)
    _main_init                               0x080000f5   Thumb Code     0  entry9a.o(.ARM.Collect$$$$0000000B)
    __rt_final_cpp                           0x080000fd   Thumb Code     0  entry10a.o(.ARM.Collect$$$$0000000D)
    __rt_final_exit                          0x080000fd   Thumb Code     0  entry11a.o(.ARM.Collect$$$$0000000F)
    Reset_Handler                            0x08000101   Thumb Code     8  startup_stm32f103xb.o(.text)
    ADC1_2_IRQHandler                        0x0800011b   Thumb Code     0  startup_stm32f103xb.o(.text)
    CAN1_RX1_IRQHandler                      0x0800011b   Thumb Code     0  startup_stm32f103xb.o(.text)
    CAN1_SCE_IRQHandler                      0x0800011b   Thumb Code     0  startup_stm32f103xb.o(.text)
    DMA1_Channel1_IRQHandler                 0x0800011b   Thumb Code     0  startup_stm32f103xb.o(.text)
    DMA1_Channel2_IRQHandler                 0x0800011b   Thumb Code     0  startup_stm32f103xb.o(.text)
    DMA1_Channel3_IRQHandler                 0x0800011b   Thumb Code     0  startup_stm32f103xb.o(.text)
    DMA1_Channel4_IRQHandler                 0x0800011b   Thumb Code     0  startup_stm32f103xb.o(.text)
    DMA1_Channel5_IRQHandler                 0x0800011b   Thumb Code     0  startup_stm32f103xb.o(.text)
    DMA1_Channel6_IRQHandler                 0x0800011b   Thumb Code     0  startup_stm32f103xb.o(.text)
    DMA1_Channel7_IRQHandler                 0x0800011b   Thumb Code     0  startup_stm32f103xb.o(.text)
    EXTI0_IRQHandler                         0x0800011b   Thumb Code     0  startup_stm32f103xb.o(.text)
    EXTI15_10_IRQHandler                     0x0800011b   Thumb Code     0  startup_stm32f103xb.o(.text)
    EXTI1_IRQHandler                         0x0800011b   Thumb Code     0  startup_stm32f103xb.o(.text)
    EXTI2_IRQHandler                         0x0800011b   Thumb Code     0  startup_stm32f103xb.o(.text)
    EXTI3_IRQHandler                         0x0800011b   Thumb Code     0  startup_stm32f103xb.o(.text)
    EXTI4_IRQHandler                         0x0800011b   Thumb Code     0  startup_stm32f103xb.o(.text)
    EXTI9_5_IRQHandler                       0x0800011b   Thumb Code     0  startup_stm32f103xb.o(.text)
    FLASH_IRQHandler                         0x0800011b   Thumb Code     0  startup_stm32f103xb.o(.text)
    I2C1_ER_IRQHandler                       0x0800011b   Thumb Code     0  startup_stm32f103xb.o(.text)
    I2C1_EV_IRQHandler                       0x0800011b   Thumb Code     0  startup_stm32f103xb.o(.text)
    I2C2_ER_IRQHandler                       0x0800011b   Thumb Code     0  startup_stm32f103xb.o(.text)
    I2C2_EV_IRQHandler                       0x0800011b   Thumb Code     0  startup_stm32f103xb.o(.text)
    PVD_IRQHandler                           0x0800011b   Thumb Code     0  startup_stm32f103xb.o(.text)
    RCC_IRQHandler                           0x0800011b   Thumb Code     0  startup_stm32f103xb.o(.text)
    RTC_Alarm_IRQHandler                     0x0800011b   Thumb Code     0  startup_stm32f103xb.o(.text)
    RTC_IRQHandler                           0x0800011b   Thumb Code     0  startup_stm32f103xb.o(.text)
    SPI1_IRQHandler                          0x0800011b   Thumb Code     0  startup_stm32f103xb.o(.text)
    SPI2_IRQHandler                          0x0800011b   Thumb Code     0  startup_stm32f103xb.o(.text)
    TAMPER_IRQHandler                        0x0800011b   Thumb Code     0  startup_stm32f103xb.o(.text)
    TIM1_BRK_IRQHandler                      0x0800011b   Thumb Code     0  startup_stm32f103xb.o(.text)
    TIM1_CC_IRQHandler                       0x0800011b   Thumb Code     0  startup_stm32f103xb.o(.text)
    TIM1_TRG_COM_IRQHandler                  0x0800011b   Thumb Code     0  startup_stm32f103xb.o(.text)
    TIM1_UP_IRQHandler                       0x0800011b   Thumb Code     0  startup_stm32f103xb.o(.text)
    TIM2_IRQHandler                          0x0800011b   Thumb Code     0  startup_stm32f103xb.o(.text)
    TIM3_IRQHandler                          0x0800011b   Thumb Code     0  startup_stm32f103xb.o(.text)
    TIM4_IRQHandler                          0x0800011b   Thumb Code     0  startup_stm32f103xb.o(.text)
    USBWakeUp_IRQHandler                     0x0800011b   Thumb Code     0  startup_stm32f103xb.o(.text)
    USB_HP_CAN1_TX_IRQHandler                0x0800011b   Thumb Code     0  startup_stm32f103xb.o(.text)
    USB_LP_CAN1_RX0_IRQHandler               0x0800011b   Thumb Code     0  startup_stm32f103xb.o(.text)
    WWDG_IRQHandler                          0x0800011b   Thumb Code     0  startup_stm32f103xb.o(.text)
    __aeabi_llsr                             0x08000125   Thumb Code    32  llushr.o(.text)
    _ll_ushift_r                             0x08000125   Thumb Code     0  llushr.o(.text)
    strlen                                   0x08000145   Thumb Code    14  strlen.o(.text)
    strcpy                                   0x08000153   Thumb Code    18  strcpy.o(.text)
    atoi                                     0x08000165   Thumb Code    26  atoi.o(.text)
    __aeabi_fadd                             0x0800017f   Thumb Code   164  fadd.o(.text)
    __aeabi_fsub                             0x08000223   Thumb Code     6  fadd.o(.text)
    __aeabi_frsub                            0x08000229   Thumb Code     6  fadd.o(.text)
    __aeabi_fmul                             0x0800022f   Thumb Code   100  fmul.o(.text)
    __aeabi_fdiv                             0x08000293   Thumb Code   124  fdiv.o(.text)
    __ARM_scalbnf                            0x0800030f   Thumb Code    24  fscalb.o(.text)
    scalbnf                                  0x0800030f   Thumb Code     0  fscalb.o(.text)
    __aeabi_dadd                             0x08000327   Thumb Code   322  dadd.o(.text)
    __aeabi_dsub                             0x08000469   Thumb Code     6  dadd.o(.text)
    __aeabi_drsub                            0x0800046f   Thumb Code     6  dadd.o(.text)
    __aeabi_dmul                             0x08000475   Thumb Code   228  dmul.o(.text)
    __aeabi_ddiv                             0x08000559   Thumb Code   222  ddiv.o(.text)
    __ARM_scalbn                             0x08000637   Thumb Code    46  dscalb.o(.text)
    scalbn                                   0x08000637   Thumb Code     0  dscalb.o(.text)
    __aeabi_i2f                              0x08000665   Thumb Code    18  fflti.o(.text)
    __aeabi_ui2f                             0x08000677   Thumb Code    10  ffltui.o(.text)
    __aeabi_i2d                              0x08000681   Thumb Code    34  dflti.o(.text)
    __aeabi_ui2d                             0x080006a3   Thumb Code    26  dfltui.o(.text)
    __aeabi_f2iz                             0x080006bd   Thumb Code    50  ffixi.o(.text)
    __aeabi_f2uiz                            0x080006ef   Thumb Code    40  ffixui.o(.text)
    __aeabi_d2iz                             0x08000717   Thumb Code    62  dfixi.o(.text)
    __aeabi_f2d                              0x08000755   Thumb Code    38  f2d.o(.text)
    __aeabi_d2f                              0x0800077b   Thumb Code    56  d2f.o(.text)
    __aeabi_cfcmpeq                          0x080007b5   Thumb Code     0  cfcmple.o(.text)
    __aeabi_cfcmple                          0x080007b5   Thumb Code    20  cfcmple.o(.text)
    __aeabi_cfrcmple                         0x080007c9   Thumb Code    20  cfrcmple.o(.text)
    __aeabi_uidiv                            0x080007dd   Thumb Code     0  uidiv.o(.text)
    __aeabi_uidivmod                         0x080007dd   Thumb Code    44  uidiv.o(.text)
    __aeabi_uldivmod                         0x08000809   Thumb Code    98  uldiv.o(.text)
    __aeabi_llsl                             0x0800086b   Thumb Code    30  llshl.o(.text)
    _ll_shift_l                              0x0800086b   Thumb Code     0  llshl.o(.text)
    __aeabi_lasr                             0x08000889   Thumb Code    36  llsshr.o(.text)
    _ll_sshift_r                             0x08000889   Thumb Code     0  llsshr.o(.text)
    __strtod_int                             0x080008e3   Thumb Code    90  strtod.o(.text)
    strtol                                   0x08000949   Thumb Code   112  strtol.o(.text)
    __I$use$fp                               0x080009b9   Thumb Code     0  iusefp.o(.text)
    _float_round                             0x080009b9   Thumb Code    18  fepilogue.o(.text)
    _float_epilogue                          0x080009cb   Thumb Code    92  fepilogue.o(.text)
    _double_round                            0x08000a27   Thumb Code    30  depilogue.o(.text)
    _double_epilogue                         0x08000a45   Thumb Code   156  depilogue.o(.text)
    _dsqrt                                   0x08000ae1   Thumb Code   162  dsqrt.o(.text)
    __aeabi_d2ulz                            0x08000b83   Thumb Code    48  dfixul.o(.text)
    __aeabi_cdrcmple                         0x08000bb5   Thumb Code    48  cdrcmple.o(.text)
    __scatterload                            0x08000be5   Thumb Code    28  init.o(.text)
    __scatterload_rt2                        0x08000be5   Thumb Code     0  init.o(.text)
    __rt_ctype_table                         0x08000c09   Thumb Code     4  ctype_o.o(.text)
    isspace                                  0x08000c11   Thumb Code    18  isspace_o.o(.text)
    _scanf_real                              0x08000d25   Thumb Code     0  scanf_fp.o(.text)
    _scanf_really_real                       0x08000d25   Thumb Code   556  scanf_fp.o(.text)
    _sgetc                                   0x08000f5d   Thumb Code    30  _sgetc.o(.text)
    _sbackspace                              0x08000f7b   Thumb Code    34  _sgetc.o(.text)
    _strtoul                                 0x08000f9d   Thumb Code   158  _strtoul.o(.text)
    _chval                                   0x0800103b   Thumb Code    28  _chval.o(.text)
    __aeabi_ul2d                             0x08001057   Thumb Code    24  dfltul.o(.text)
    ADC_ConversionStop_Disable               0x0800106f   Thumb Code    74  stm32f1xx_hal_adc.o(i.ADC_ConversionStop_Disable)
    BusFault_Handler                         0x080010b9   Thumb Code     2  stm32f1xx_it.o(i.BusFault_Handler)
    DebugMon_Handler                         0x080010bb   Thumb Code     2  stm32f1xx_it.o(i.DebugMon_Handler)
    Error_Handler                            0x080010bd   Thumb Code     2  main.o(i.Error_Handler)
    HAL_ADC_ConfigChannel                    0x080010c1   Thumb Code   400  stm32f1xx_hal_adc.o(i.HAL_ADC_ConfigChannel)
    HAL_ADC_Init                             0x0800125d   Thumb Code   308  stm32f1xx_hal_adc.o(i.HAL_ADC_Init)
    HAL_ADC_MspInit                          0x08001399   Thumb Code    50  stm32f1xx_hal_msp.o(i.HAL_ADC_MspInit)
    HAL_Delay                                0x080013d9   Thumb Code    22  stm32f1xx_hal.o(i.HAL_Delay)
    HAL_GPIO_Init                            0x080013f1   Thumb Code   460  stm32f1xx_hal_gpio.o(i.HAL_GPIO_Init)
    HAL_GPIO_WritePin                        0x080015dd   Thumb Code    14  stm32f1xx_hal_gpio.o(i.HAL_GPIO_WritePin)
    HAL_GetTick                              0x080015ed   Thumb Code     6  stm32f1xx_hal.o(i.HAL_GetTick)
    HAL_I2C_Init                             0x080015f9   Thumb Code   162  stm32f1xx_hal_i2c.o(i.HAL_I2C_Init)
    HAL_I2C_IsDeviceReady                    0x080016a5   Thumb Code   330  stm32f1xx_hal_i2c.o(i.HAL_I2C_IsDeviceReady)
    HAL_I2C_Mem_Read                         0x080017f5   Thumb Code   504  stm32f1xx_hal_i2c.o(i.HAL_I2C_Mem_Read)
    HAL_I2C_Mem_Write                        0x080019f5   Thumb Code   276  stm32f1xx_hal_i2c.o(i.HAL_I2C_Mem_Write)
    HAL_I2C_MspInit                          0x08001b0d   Thumb Code    66  stm32f1xx_hal_msp.o(i.HAL_I2C_MspInit)
    HAL_IWDG_Init                            0x08001b61   Thumb Code    98  stm32f1xx_hal_iwdg.o(i.HAL_IWDG_Init)
    HAL_IWDG_MspInit                         0x08001bc3   Thumb Code     2  stm32f1xx_hal_iwdg.o(i.HAL_IWDG_MspInit)
    HAL_IncTick                              0x08001bc5   Thumb Code    10  stm32f1xx_hal.o(i.HAL_IncTick)
    HAL_Init                                 0x08001bd5   Thumb Code    32  stm32f1xx_hal.o(i.HAL_Init)
    HAL_InitTick                             0x08001bf9   Thumb Code    34  stm32f1xx_hal.o(i.HAL_InitTick)
    HAL_MspInit                              0x08001c1d   Thumb Code   118  stm32f1xx_hal_msp.o(i.HAL_MspInit)
    HAL_NVIC_EnableIRQ                       0x08001c9d   Thumb Code    22  stm32f1xx_hal_cortex.o(i.HAL_NVIC_EnableIRQ)
    HAL_NVIC_SetPriority                     0x08001cb5   Thumb Code    60  stm32f1xx_hal_cortex.o(i.HAL_NVIC_SetPriority)
    HAL_NVIC_SetPriorityGrouping             0x08001cf5   Thumb Code    26  stm32f1xx_hal_cortex.o(i.HAL_NVIC_SetPriorityGrouping)
    HAL_RCCEx_PeriphCLKConfig                0x08001d19   Thumb Code   292  stm32f1xx_hal_rcc_ex.o(i.HAL_RCCEx_PeriphCLKConfig)
    HAL_RCC_ClockConfig                      0x08001e49   Thumb Code   464  stm32f1xx_hal_rcc.o(i.HAL_RCC_ClockConfig)
    HAL_RCC_GetHCLKFreq                      0x08002029   Thumb Code     6  stm32f1xx_hal_rcc.o(i.HAL_RCC_GetHCLKFreq)
    HAL_RCC_GetPCLK1Freq                     0x08002035   Thumb Code    36  stm32f1xx_hal_rcc.o(i.HAL_RCC_GetPCLK1Freq)
    HAL_RCC_GetPCLK2Freq                     0x08002061   Thumb Code    36  stm32f1xx_hal_rcc.o(i.HAL_RCC_GetPCLK2Freq)
    HAL_RCC_GetSysClockFreq                  0x0800208d   Thumb Code   112  stm32f1xx_hal_rcc.o(i.HAL_RCC_GetSysClockFreq)
    HAL_RCC_OscConfig                        0x0800211d   Thumb Code  1514  stm32f1xx_hal_rcc.o(i.HAL_RCC_OscConfig)
    HAL_SYSTICK_CLKSourceConfig              0x08002707   Thumb Code    28  stm32f1xx_hal_cortex.o(i.HAL_SYSTICK_CLKSourceConfig)
    HAL_SYSTICK_Callback                     0x08002723   Thumb Code     2  stm32f1xx_hal_cortex.o(i.HAL_SYSTICK_Callback)
    HAL_SYSTICK_Config                       0x08002725   Thumb Code    40  stm32f1xx_hal_cortex.o(i.HAL_SYSTICK_Config)
    HAL_SYSTICK_IRQHandler                   0x0800274d   Thumb Code     8  stm32f1xx_hal_cortex.o(i.HAL_SYSTICK_IRQHandler)
    HAL_UART_ErrorCallback                   0x08002755   Thumb Code     2  stm32f1xx_hal_uart.o(i.HAL_UART_ErrorCallback)
    HAL_UART_IRQHandler                      0x08002757   Thumb Code   190  stm32f1xx_hal_uart.o(i.HAL_UART_IRQHandler)
    HAL_UART_Init                            0x08002815   Thumb Code    96  stm32f1xx_hal_uart.o(i.HAL_UART_Init)
    HAL_UART_MspInit                         0x08002875   Thumb Code   234  stm32f1xx_hal_msp.o(i.HAL_UART_MspInit)
    HAL_UART_Receive_IT                      0x08002979   Thumb Code   112  stm32f1xx_hal_uart.o(i.HAL_UART_Receive_IT)
    HAL_UART_RxCpltCallback                  0x080029e9   Thumb Code   180  main.o(i.HAL_UART_RxCpltCallback)
    HAL_UART_Transmit                        0x08002ab9   Thumb Code   216  stm32f1xx_hal_uart.o(i.HAL_UART_Transmit)
    HAL_UART_Transmit_IT                     0x08002b91   Thumb Code    92  stm32f1xx_hal_uart.o(i.HAL_UART_Transmit_IT)
    HAL_UART_TxCpltCallback                  0x08002bed   Thumb Code     2  stm32f1xx_hal_uart.o(i.HAL_UART_TxCpltCallback)
    HardFault_Handler                        0x08002bef   Thumb Code     2  stm32f1xx_it.o(i.HardFault_Handler)
    MemManage_Handler                        0x0800321d   Thumb Code     2  stm32f1xx_it.o(i.MemManage_Handler)
    NMI_Handler                              0x0800321f   Thumb Code     2  stm32f1xx_it.o(i.NMI_Handler)
    PendSV_Handler                           0x08003241   Thumb Code     2  stm32f1xx_it.o(i.PendSV_Handler)
    SVC_Handler                              0x08003243   Thumb Code     2  stm32f1xx_it.o(i.SVC_Handler)
    SysTick_Handler                          0x08003245   Thumb Code    14  stm32f1xx_it.o(i.SysTick_Handler)
    SystemClock_Config                       0x08003253   Thumb Code   126  main.o(i.SystemClock_Config)
    SystemInit                               0x080032d1   Thumb Code    56  system_stm32f1xx.o(i.SystemInit)
    TM_BMP180_Init                           0x08003319   Thumb Code   212  tm_stm32f4_bmp180.o(i.TM_BMP180_Init)
    TM_BMP180_ReadPressure                   0x080033f1   Thumb Code   502  tm_stm32f4_bmp180.o(i.TM_BMP180_ReadPressure)
    TM_BMP180_ReadTemperature                0x08003601   Thumb Code   122  tm_stm32f4_bmp180.o(i.TM_BMP180_ReadTemperature)
    TM_BMP180_StartPressure                  0x08003685   Thumb Code   116  tm_stm32f4_bmp180.o(i.TM_BMP180_StartPressure)
    TM_BMP180_StartTemperature               0x080036fd   Thumb Code    58  tm_stm32f4_bmp180.o(i.TM_BMP180_StartTemperature)
    TM_GPS_ConvertFloat                      0x08003741   Thumb Code   108  rover_gps.o(i.TM_GPS_ConvertFloat)
    TM_GPS_ConvertSpeed                      0x080037ad   Thumb Code   112  rover_gps.o(i.TM_GPS_ConvertSpeed)
    TM_GPS_INT_Atoi                          0x08003855   Thumb Code    44  rover_gps.o(i.TM_GPS_INT_Atoi)
    TM_GPS_INT_CheckEmpty                    0x08003881   Thumb Code   262  rover_gps.o(i.TM_GPS_INT_CheckEmpty)
    TM_GPS_INT_CheckTerm                     0x0800398d   Thumb Code  1778  rover_gps.o(i.TM_GPS_INT_CheckTerm)
    TM_GPS_INT_ClearFlags                    0x08004085   Thumb Code    34  rover_gps.o(i.TM_GPS_INT_ClearFlags)
    TM_GPS_INT_Do                            0x080040ad   Thumb Code   248  rover_gps.o(i.TM_GPS_INT_Do)
    TM_GPS_INT_FlagsOk                       0x080041ad   Thumb Code    50  rover_gps.o(i.TM_GPS_INT_FlagsOk)
    TM_GPS_INT_Hex2Dec                       0x080041e5   Thumb Code    44  rover_gps.o(i.TM_GPS_INT_Hex2Dec)
    TM_GPS_INT_Pow                           0x08004211   Thumb Code    16  rover_gps.o(i.TM_GPS_INT_Pow)
    TM_GPS_INT_Return                        0x08004221   Thumb Code   184  rover_gps.o(i.TM_GPS_INT_Return)
    TM_GPS_INT_StringStartsWith              0x080042e1   Thumb Code    26  rover_gps.o(i.TM_GPS_INT_StringStartsWith)
    TM_GPS_Update                            0x080042fd   Thumb Code    70  rover_gps.o(i.TM_GPS_Update)
    USART1_IRQHandler                        0x080046f1   Thumb Code     6  stm32f1xx_it.o(i.USART1_IRQHandler)
    USART2_IRQHandler                        0x080046fd   Thumb Code     6  stm32f1xx_it.o(i.USART2_IRQHandler)
    USART3_IRQHandler                        0x08004709   Thumb Code     6  stm32f1xx_it.o(i.USART3_IRQHandler)
    UsageFault_Handler                       0x08004715   Thumb Code     2  stm32f1xx_it.o(i.UsageFault_Handler)
    __0sprintf                               0x08004719   Thumb Code    34  printfa.o(i.__0sprintf)
    __1sprintf                               0x08004719   Thumb Code     0  printfa.o(i.__0sprintf)
    __2sprintf                               0x08004719   Thumb Code     0  printfa.o(i.__0sprintf)
    __c89sprintf                             0x08004719   Thumb Code     0  printfa.o(i.__0sprintf)
    sprintf                                  0x08004719   Thumb Code     0  printfa.o(i.__0sprintf)
    __ARM_fpclassify                         0x08004741   Thumb Code    40  fpclassify.o(i.__ARM_fpclassify)
    __aeabi_errno_addr                       0x08004769   Thumb Code     4  errno.o(i.__aeabi_errno_addr)
    __rt_errno_addr                          0x08004769   Thumb Code     0  errno.o(i.__aeabi_errno_addr)
    __kernel_poly                            0x08004771   Thumb Code   170  poly.o(i.__kernel_poly)
    __mathlib_dbl_divzero                    0x0800481d   Thumb Code    12  dunder.o(i.__mathlib_dbl_divzero)
    __mathlib_dbl_infnan                     0x0800482d   Thumb Code     6  dunder.o(i.__mathlib_dbl_infnan)
    __mathlib_dbl_infnan2                    0x08004833   Thumb Code     4  dunder.o(i.__mathlib_dbl_infnan2)
    __mathlib_dbl_invalid                    0x08004837   Thumb Code    12  dunder.o(i.__mathlib_dbl_invalid)
    __mathlib_dbl_overflow                   0x08004843   Thumb Code    14  dunder.o(i.__mathlib_dbl_overflow)
    __mathlib_dbl_underflow                  0x08004851   Thumb Code    10  dunder.o(i.__mathlib_dbl_underflow)
    __read_errno                             0x08004861   Thumb Code     6  errno.o(i.__read_errno)
    __scatterload_copy                       0x0800486d   Thumb Code    14  handlers.o(i.__scatterload_copy)
    __scatterload_null                       0x0800487b   Thumb Code     2  handlers.o(i.__scatterload_null)
    __scatterload_zeroinit                   0x0800487d   Thumb Code    14  handlers.o(i.__scatterload_zeroinit)
    __set_errno                              0x0800488d   Thumb Code     6  errno.o(i.__set_errno)
    _is_digit                                0x08004a1d   Thumb Code    14  scanf_fp.o(i._is_digit)
    atan                                     0x08005165   Thumb Code   474  atan.o(i.atan)
    atan2                                    0x08005385   Thumb Code   346  atan2.o(i.atan2)
    atof                                     0x08005505   Thumb Code    42  atof.o(i.atof)
    checksum                                 0x0800552f   Thumb Code    30  rover_gps.o(i.checksum)
    coor_check                               0x0800554d   Thumb Code    86  main.o(i.coor_check)
    imu_begin                                0x080055ad   Thumb Code    90  mpu6050.o(i.imu_begin)
    magnet_read_data                         0x08005899   Thumb Code   226  mpu6050.o(i.magnet_read_data)
    main                                     0x080059a1   Thumb Code  2314  main.o(i.main)
    pow                                      0x080062b9   Thumb Code  2512  pow.o(i.pow)
    read_gps_data                            0x08006c91   Thumb Code   418  rover_gps.o(i.read_gps_data)
    send_message_to_mc                       0x08006fd1   Thumb Code   166  main.o(i.send_message_to_mc)
    sqrt                                     0x08007095   Thumb Code    76  sqrt.o(i.sqrt)
    AHBPrescTable                            0x08007108   Data          16  system_stm32f1xx.o(.constdata)
    APBPrescTable                            0x08007118   Data           8  system_stm32f1xx.o(.constdata)
    __mathlib_zero                           0x08007240   Data           8  qnan.o(.constdata)
    __ctype_table                            0x08007248   Data         129  ctype_o.o(.constdata)
    Region$$Table$$Base                      0x080072d0   Number         0  anon$$obj.o(Region$$Table)
    Region$$Table$$Limit                     0x080072f0   Number         0  anon$$obj.o(Region$$Table)
    fs_preactive_flag                        0x20000000   Data           1  main.o(.data)
    auto_active_flag                         0x20000001   Data           1  main.o(.data)
    fs_active_flag                           0x20000002   Data           1  main.o(.data)
    auto_mission_flag                        0x20000003   Data           1  main.o(.data)
    mission_indicator                        0x20000004   Data           1  main.o(.data)
    turnaround_flag                          0x20000005   Data           1  main.o(.data)
    target_locked_flag                       0x20000006   Data           1  main.o(.data)
    sc_mode                                  0x20000007   Data           1  main.o(.data)
    led_counter                              0x20000008   Data           1  main.o(.data)
    Rx_indx                                  0x20000009   Data           1  main.o(.data)
    Transfer_cplt                            0x2000000a   Data           1  main.o(.data)
    flag                                     0x2000000b   Data           1  main.o(.data)
    Rx_indx2                                 0x2000000c   Data           1  main.o(.data)
    Transfer_cplt2                           0x2000000d   Data           1  main.o(.data)
    Rx_indx3                                 0x2000000e   Data           1  main.o(.data)
    Transfer_cplt3                           0x2000000f   Data           1  main.o(.data)
    Rx_data                                  0x20000010   Data           2  main.o(.data)
    Rx_data2                                 0x20000012   Data           2  main.o(.data)
    Rx_data3                                 0x20000014   Data           2  main.o(.data)
    g_mag_tick                               0x20000018   Data           4  main.o(.data)
    g_bmp_tick                               0x2000001c   Data           4  main.o(.data)
    g_bmp_TR                                 0x20000020   Data           4  main.o(.data)
    g_bmp_PR                                 0x20000024   Data           4  main.o(.data)
    g_bmp_pos                                0x20000028   Data           4  main.o(.data)
    g_udp_tick                               0x2000002c   Data           4  main.o(.data)
    g_auto_tick                              0x20000030   Data           4  main.o(.data)
    desiredHeading                           0x20000034   Data           4  main.o(.data)
    errorHeading                             0x20000038   Data           4  main.o(.data)
    errorDistance                            0x2000003c   Data           4  main.o(.data)
    KH                                       0x20000040   Data           4  main.o(.data)
    controlDir                               0x20000044   Data           4  main.o(.data)
    controlSpeed                             0x20000048   Data           4  main.o(.data)
    new_gps_data_occured                     0x2000004c   Data           4  main.o(.data)
    coordinatesIndex                         0x20000050   Data           4  main.o(.data)
    fs_coordinatesIndex                      0x20000054   Data           4  main.o(.data)
    mission_heading_buffer                   0x20000058   Data           4  main.o(.data)
    target_direction                         0x2000005c   Data           4  main.o(.data)
    fs_distance                              0x20000060   Data           4  main.o(.data)
    g_fs_tick                                0x20000064   Data           4  main.o(.data)
    led_timer                                0x20000068   Data           4  main.o(.data)
    lat3                                     0x2000006c   Data           4  main.o(.data)
    lon3                                     0x20000070   Data           4  main.o(.data)
    fs_timer                                 0x20000074   Data           4  main.o(.data)
    batt                                     0x20000078   Data           4  main.o(.data)
    initial_coordinates                      0x2000007c   Data           8  main.o(.data)
    GPS_Float                                0x20000084   Data           8  main.o(.data)
    printf_buffer                            0x2000008c   Data          10  main.o(.data)
    SystemCoreClock                          0x20000098   Data           4  system_stm32f1xx.o(.data)
    imu_it_handler                           0x200000a0   Data           3  mpu6050.o(.data)
    calibBufferXX                            0x200000a4   Data           4  mpu6050.o(.data)
    calibBufferZZ                            0x200000a8   Data           4  mpu6050.o(.data)
    imu_i2c_p                                0x200000ac   Data           4  mpu6050.o(.data)
    g_imu_rate_s                             0x200000b0   Data           4  mpu6050.o(.data)
    lib_initialized                          0x200000b4   Data           1  tm_stm32f4_bmp180.o(.data)
    AC1                                      0x200000b6   Data           2  tm_stm32f4_bmp180.o(.data)
    AC2                                      0x200000b8   Data           2  tm_stm32f4_bmp180.o(.data)
    AC3                                      0x200000ba   Data           2  tm_stm32f4_bmp180.o(.data)
    B1                                       0x200000bc   Data           2  tm_stm32f4_bmp180.o(.data)
    B2                                       0x200000be   Data           2  tm_stm32f4_bmp180.o(.data)
    MB                                       0x200000c0   Data           2  tm_stm32f4_bmp180.o(.data)
    MC                                       0x200000c2   Data           2  tm_stm32f4_bmp180.o(.data)
    MD                                       0x200000c4   Data           2  tm_stm32f4_bmp180.o(.data)
    AC4                                      0x200000c6   Data           2  tm_stm32f4_bmp180.o(.data)
    AC5                                      0x200000c8   Data           2  tm_stm32f4_bmp180.o(.data)
    AC6                                      0x200000ca   Data           2  tm_stm32f4_bmp180.o(.data)
    UT                                       0x200000cc   Data           2  tm_stm32f4_bmp180.o(.data)
    bmp_hi2c1                                0x200000d0   Data           4  tm_stm32f4_bmp180.o(.data)
    X1                                       0x200000d4   Data           4  tm_stm32f4_bmp180.o(.data)
    X2                                       0x200000d8   Data           4  tm_stm32f4_bmp180.o(.data)
    X3                                       0x200000dc   Data           4  tm_stm32f4_bmp180.o(.data)
    B3                                       0x200000e0   Data           4  tm_stm32f4_bmp180.o(.data)
    B5                                       0x200000e4   Data           4  tm_stm32f4_bmp180.o(.data)
    B6                                       0x200000e8   Data           4  tm_stm32f4_bmp180.o(.data)
    p                                        0x200000ec   Data           4  tm_stm32f4_bmp180.o(.data)
    B4                                       0x200000f0   Data           4  tm_stm32f4_bmp180.o(.data)
    B7                                       0x200000f4   Data           4  tm_stm32f4_bmp180.o(.data)
    UP                                       0x200000f8   Data           4  tm_stm32f4_bmp180.o(.data)
    GPGSV_StatementsCount                    0x200000fd   Data           1  rover_gps.o(.data)
    GPSGV_StatementNumber                    0x200000fe   Data           1  rover_gps.o(.data)
    GPGSV_Term_Number                        0x200000ff   Data           1  rover_gps.o(.data)
    GPGSV_Term_Mod                           0x20000100   Data           1  rover_gps.o(.data)
    bmp_test                                 0x2000011c   Data          12  main.o(.bss)
    hadc1                                    0x20000128   Data          48  main.o(.bss)
    hi2c1                                    0x20000158   Data          60  main.o(.bss)
    hiwdg                                    0x20000194   Data          16  main.o(.bss)
    huart1                                   0x200001a4   Data          64  main.o(.bss)
    huart2                                   0x200001e4   Data          64  main.o(.bss)
    huart3                                   0x20000224   Data          64  main.o(.bss)
    buffer                                   0x20000264   Data         100  main.o(.bss)
    Rx_Buffer                                0x200002c8   Data         100  main.o(.bss)
    bmp_data_pack                            0x2000032c   Data          16  main.o(.bss)
    Rx_Buffer2                               0x2000033c   Data          30  main.o(.bss)
    desiredCoordinate                        0x2000035c   Data          80  main.o(.bss)
    fsCoordinate                             0x200003ac   Data          80  main.o(.bss)
    Rx_Buffer3                               0x200003fc   Data          30  main.o(.bss)
    bias                                     0x2000041c   Data          12  mpu6050.o(.bss)
    angle                                    0x20000428   Data          12  mpu6050.o(.bss)
    O_G                                      0x20000434   Data          12  mpu6050.o(.bss)
    O_A                                      0x20000440   Data          12  mpu6050.o(.bss)
    data_buffer_raw                          0x2000044c   Data          20  mpu6050.o(.bss)
    data_buffer                              0x20000460   Data          16  mpu6050.o(.bss)
    imu_sensor_values                        0x20000470   Data          14  mpu6050.o(.bss)
    P                                        0x20000480   Data          48  mpu6050.o(.bss)
    GPS_Data                                 0x200004b0   Data         288  rover_gps.o(.bss)
    TM_GPS_INT_Data                          0x200005e0   Data         288  rover_gps.o(.bss)
    __initial_sp                             0x20000b00   Data           0  startup_stm32f103xb.o(STACK)



==============================================================================

Memory Map of the image

  Image Entry point : 0x080000ed

  Load Region LR_IROM1 (Base: 0x08000000, Size: 0x0000740c, Max: 0x00010000, ABSOLUTE)

    Execution Region ER_IROM1 (Base: 0x08000000, Size: 0x000072f0, Max: 0x00010000, ABSOLUTE)

    Base Addr    Size         Type   Attr      Idx    E Section Name        Object

    0x08000000   0x000000ec   Data   RO          441    RESET               startup_stm32f103xb.o
    0x080000ec   0x00000000   Code   RO         2690  * .ARM.Collect$$$$00000000  mc_w.l(entry.o)
    0x080000ec   0x00000004   Code   RO         3071    .ARM.Collect$$$$00000001  mc_w.l(entry2.o)
    0x080000f0   0x00000004   Code   RO         3074    .ARM.Collect$$$$00000004  mc_w.l(entry5.o)
    0x080000f4   0x00000000   Code   RO         3076    .ARM.Collect$$$$00000008  mc_w.l(entry7b.o)
    0x080000f4   0x00000000   Code   RO         3078    .ARM.Collect$$$$0000000A  mc_w.l(entry8b.o)
    0x080000f4   0x00000008   Code   RO         3079    .ARM.Collect$$$$0000000B  mc_w.l(entry9a.o)
    0x080000fc   0x00000000   Code   RO         3081    .ARM.Collect$$$$0000000D  mc_w.l(entry10a.o)
    0x080000fc   0x00000000   Code   RO         3083    .ARM.Collect$$$$0000000F  mc_w.l(entry11a.o)
    0x080000fc   0x00000004   Code   RO         3072    .ARM.Collect$$$$00002712  mc_w.l(entry2.o)
    0x08000100   0x00000024   Code   RO          442    .text               startup_stm32f103xb.o
    0x08000124   0x00000020   Code   RO         2693    .text               mc_w.l(llushr.o)
    0x08000144   0x0000000e   Code   RO         2695    .text               mc_w.l(strlen.o)
    0x08000152   0x00000012   Code   RO         2697    .text               mc_w.l(strcpy.o)
    0x08000164   0x0000001a   Code   RO         2988    .text               mc_w.l(atoi.o)
    0x0800017e   0x000000b0   Code   RO         2990    .text               mf_w.l(fadd.o)
    0x0800022e   0x00000064   Code   RO         2992    .text               mf_w.l(fmul.o)
    0x08000292   0x0000007c   Code   RO         2994    .text               mf_w.l(fdiv.o)
    0x0800030e   0x00000018   Code   RO         2996    .text               mf_w.l(fscalb.o)
    0x08000326   0x0000014e   Code   RO         2998    .text               mf_w.l(dadd.o)
    0x08000474   0x000000e4   Code   RO         3000    .text               mf_w.l(dmul.o)
    0x08000558   0x000000de   Code   RO         3002    .text               mf_w.l(ddiv.o)
    0x08000636   0x0000002e   Code   RO         3004    .text               mf_w.l(dscalb.o)
    0x08000664   0x00000012   Code   RO         3006    .text               mf_w.l(fflti.o)
    0x08000676   0x0000000a   Code   RO         3008    .text               mf_w.l(ffltui.o)
    0x08000680   0x00000022   Code   RO         3010    .text               mf_w.l(dflti.o)
    0x080006a2   0x0000001a   Code   RO         3012    .text               mf_w.l(dfltui.o)
    0x080006bc   0x00000032   Code   RO         3014    .text               mf_w.l(ffixi.o)
    0x080006ee   0x00000028   Code   RO         3016    .text               mf_w.l(ffixui.o)
    0x08000716   0x0000003e   Code   RO         3018    .text               mf_w.l(dfixi.o)
    0x08000754   0x00000026   Code   RO         3020    .text               mf_w.l(f2d.o)
    0x0800077a   0x00000038   Code   RO         3022    .text               mf_w.l(d2f.o)
    0x080007b2   0x00000002   PAD
    0x080007b4   0x00000014   Code   RO         3024    .text               mf_w.l(cfcmple.o)
    0x080007c8   0x00000014   Code   RO         3026    .text               mf_w.l(cfrcmple.o)
    0x080007dc   0x0000002c   Code   RO         3088    .text               mc_w.l(uidiv.o)
    0x08000808   0x00000062   Code   RO         3090    .text               mc_w.l(uldiv.o)
    0x0800086a   0x0000001e   Code   RO         3092    .text               mc_w.l(llshl.o)
    0x08000888   0x00000024   Code   RO         3094    .text               mc_w.l(llsshr.o)
    0x080008ac   0x0000009c   Code   RO         3109    .text               mc_w.l(strtod.o)
    0x08000948   0x00000070   Code   RO         3111    .text               mc_w.l(strtol.o)
    0x080009b8   0x00000000   Code   RO         3113    .text               mc_w.l(iusefp.o)
    0x080009b8   0x0000006e   Code   RO         3114    .text               mf_w.l(fepilogue.o)
    0x08000a26   0x000000ba   Code   RO         3116    .text               mf_w.l(depilogue.o)
    0x08000ae0   0x000000a2   Code   RO         3118    .text               mf_w.l(dsqrt.o)
    0x08000b82   0x00000030   Code   RO         3120    .text               mf_w.l(dfixul.o)
    0x08000bb2   0x00000002   PAD
    0x08000bb4   0x00000030   Code   RO         3124    .text               mf_w.l(cdrcmple.o)
    0x08000be4   0x00000024   Code   RO         3126    .text               mc_w.l(init.o)
    0x08000c08   0x00000008   Code   RO         3131    .text               mc_w.l(ctype_o.o)
    0x08000c10   0x00000012   Code   RO         3153    .text               mc_w.l(isspace_o.o)
    0x08000c22   0x00000002   PAD
    0x08000c24   0x00000338   Code   RO         3159    .text               mc_w.l(scanf_fp.o)
    0x08000f5c   0x00000040   Code   RO         3163    .text               mc_w.l(_sgetc.o)
    0x08000f9c   0x0000009e   Code   RO         3165    .text               mc_w.l(_strtoul.o)
    0x0800103a   0x0000001c   Code   RO         3171    .text               mc_w.l(_chval.o)
    0x08001056   0x00000018   Code   RO         3173    .text               mf_w.l(dfltul.o)
    0x0800106e   0x0000004a   Code   RO         2145    i.ADC_ConversionStop_Disable  stm32f1xx_hal_adc.o
    0x080010b8   0x00000002   Code   RO          250    i.BusFault_Handler  stm32f1xx_it.o
    0x080010ba   0x00000002   Code   RO          251    i.DebugMon_Handler  stm32f1xx_it.o
    0x080010bc   0x00000002   Code   RO            4    i.Error_Handler     main.o
    0x080010be   0x00000002   PAD
    0x080010c0   0x0000019c   Code   RO         2151    i.HAL_ADC_ConfigChannel  stm32f1xx_hal_adc.o
    0x0800125c   0x0000013c   Code   RO         2160    i.HAL_ADC_Init      stm32f1xx_hal_adc.o
    0x08001398   0x00000040   Code   RO          345    i.HAL_ADC_MspInit   stm32f1xx_hal_msp.o
    0x080013d8   0x00000016   Code   RO          492    i.HAL_Delay         stm32f1xx_hal.o
    0x080013ee   0x00000002   PAD
    0x080013f0   0x000001ec   Code   RO         1696    i.HAL_GPIO_Init     stm32f1xx_hal_gpio.o
    0x080015dc   0x0000000e   Code   RO         1700    i.HAL_GPIO_WritePin  stm32f1xx_hal_gpio.o
    0x080015ea   0x00000002   PAD
    0x080015ec   0x0000000c   Code   RO          496    i.HAL_GetTick       stm32f1xx_hal.o
    0x080015f8   0x000000ac   Code   RO          731    i.HAL_I2C_Init      stm32f1xx_hal_i2c.o
    0x080016a4   0x00000150   Code   RO          732    i.HAL_I2C_IsDeviceReady  stm32f1xx_hal_i2c.o
    0x080017f4   0x00000200   Code   RO          743    i.HAL_I2C_Mem_Read  stm32f1xx_hal_i2c.o
    0x080019f4   0x00000118   Code   RO          746    i.HAL_I2C_Mem_Write  stm32f1xx_hal_i2c.o
    0x08001b0c   0x00000054   Code   RO          347    i.HAL_I2C_MspInit   stm32f1xx_hal_msp.o
    0x08001b60   0x00000062   Code   RO         2002    i.HAL_IWDG_Init     stm32f1xx_hal_iwdg.o
    0x08001bc2   0x00000002   Code   RO         2003    i.HAL_IWDG_MspInit  stm32f1xx_hal_iwdg.o
    0x08001bc4   0x00000010   Code   RO          497    i.HAL_IncTick       stm32f1xx_hal.o
    0x08001bd4   0x00000024   Code   RO          498    i.HAL_Init          stm32f1xx_hal.o
    0x08001bf8   0x00000022   Code   RO          499    i.HAL_InitTick      stm32f1xx_hal.o
    0x08001c1a   0x00000002   PAD
    0x08001c1c   0x00000080   Code   RO          348    i.HAL_MspInit       stm32f1xx_hal_msp.o
    0x08001c9c   0x00000016   Code   RO         1542    i.HAL_NVIC_EnableIRQ  stm32f1xx_hal_cortex.o
    0x08001cb2   0x00000002   PAD
    0x08001cb4   0x00000040   Code   RO         1548    i.HAL_NVIC_SetPriority  stm32f1xx_hal_cortex.o
    0x08001cf4   0x00000024   Code   RO         1549    i.HAL_NVIC_SetPriorityGrouping  stm32f1xx_hal_cortex.o
    0x08001d18   0x00000130   Code   RO          451    i.HAL_RCCEx_PeriphCLKConfig  stm32f1xx_hal_rcc_ex.o
    0x08001e48   0x000001e0   Code   RO         1134    i.HAL_RCC_ClockConfig  stm32f1xx_hal_rcc.o
    0x08002028   0x0000000c   Code   RO         1139    i.HAL_RCC_GetHCLKFreq  stm32f1xx_hal_rcc.o
    0x08002034   0x0000002c   Code   RO         1141    i.HAL_RCC_GetPCLK1Freq  stm32f1xx_hal_rcc.o
    0x08002060   0x0000002c   Code   RO         1142    i.HAL_RCC_GetPCLK2Freq  stm32f1xx_hal_rcc.o
    0x0800208c   0x00000090   Code   RO         1143    i.HAL_RCC_GetSysClockFreq  stm32f1xx_hal_rcc.o
    0x0800211c   0x000005ea   Code   RO         1146    i.HAL_RCC_OscConfig  stm32f1xx_hal_rcc.o
    0x08002706   0x0000001c   Code   RO         1551    i.HAL_SYSTICK_CLKSourceConfig  stm32f1xx_hal_cortex.o
    0x08002722   0x00000002   Code   RO         1552    i.HAL_SYSTICK_Callback  stm32f1xx_hal_cortex.o
    0x08002724   0x00000028   Code   RO         1553    i.HAL_SYSTICK_Config  stm32f1xx_hal_cortex.o
    0x0800274c   0x00000008   Code   RO         1554    i.HAL_SYSTICK_IRQHandler  stm32f1xx_hal_cortex.o
    0x08002754   0x00000002   Code   RO         1771    i.HAL_UART_ErrorCallback  stm32f1xx_hal_uart.o
    0x08002756   0x000000be   Code   RO         1774    i.HAL_UART_IRQHandler  stm32f1xx_hal_uart.o
    0x08002814   0x00000060   Code   RO         1775    i.HAL_UART_Init     stm32f1xx_hal_uart.o
    0x08002874   0x00000104   Code   RO          350    i.HAL_UART_MspInit  stm32f1xx_hal_msp.o
    0x08002978   0x00000070   Code   RO         1780    i.HAL_UART_Receive_IT  stm32f1xx_hal_uart.o
    0x080029e8   0x000000d0   Code   RO            6    i.HAL_UART_RxCpltCallback  main.o
    0x08002ab8   0x000000d8   Code   RO         1783    i.HAL_UART_Transmit  stm32f1xx_hal_uart.o
    0x08002b90   0x0000005c   Code   RO         1785    i.HAL_UART_Transmit_IT  stm32f1xx_hal_uart.o
    0x08002bec   0x00000002   Code   RO         1786    i.HAL_UART_TxCpltCallback  stm32f1xx_hal_uart.o
    0x08002bee   0x00000002   Code   RO          252    i.HardFault_Handler  stm32f1xx_it.o
    0x08002bf0   0x00000048   Code   RO          759    i.I2C_Configure_Speed  stm32f1xx_hal_i2c.o
    0x08002c38   0x00000028   Code   RO          767    i.I2C_IsAcknowledgeFailed  stm32f1xx_hal_i2c.o
    0x08002c60   0x00000130   Code   RO          774    i.I2C_RequestMemoryRead  stm32f1xx_hal_i2c.o
    0x08002d90   0x000000bc   Code   RO          775    i.I2C_RequestMemoryWrite  stm32f1xx_hal_i2c.o
    0x08002e4c   0x000000ae   Code   RO          784    i.I2C_WaitOnFlagUntilTimeout  stm32f1xx_hal_i2c.o
    0x08002efa   0x00000092   Code   RO          785    i.I2C_WaitOnMasterAddressFlagUntilTimeout  stm32f1xx_hal_i2c.o
    0x08002f8c   0x00000066   Code   RO          786    i.I2C_WaitOnRXNEFlagUntilTimeout  stm32f1xx_hal_i2c.o
    0x08002ff2   0x0000004e   Code   RO          788    i.I2C_WaitOnTXEFlagUntilTimeout  stm32f1xx_hal_i2c.o
    0x08003040   0x00000048   Code   RO            7    i.MX_ADC1_Init      main.o
    0x08003088   0x00000094   Code   RO            8    i.MX_GPIO_Init      main.o
    0x0800311c   0x0000003c   Code   RO            9    i.MX_I2C1_Init      main.o
    0x08003158   0x00000028   Code   RO           10    i.MX_IWDG_Init      main.o
    0x08003180   0x00000034   Code   RO           11    i.MX_USART1_UART_Init  main.o
    0x080031b4   0x00000034   Code   RO           12    i.MX_USART2_UART_Init  main.o
    0x080031e8   0x00000034   Code   RO           13    i.MX_USART3_UART_Init  main.o
    0x0800321c   0x00000002   Code   RO          253    i.MemManage_Handler  stm32f1xx_it.o
    0x0800321e   0x00000002   Code   RO          254    i.NMI_Handler       stm32f1xx_it.o
    0x08003220   0x00000020   Code   RO         1555    i.NVIC_SetPriority  stm32f1xx_hal_cortex.o
    0x08003240   0x00000002   Code   RO          255    i.PendSV_Handler    stm32f1xx_it.o
    0x08003242   0x00000002   Code   RO          256    i.SVC_Handler       stm32f1xx_it.o
    0x08003244   0x0000000e   Code   RO          257    i.SysTick_Handler   stm32f1xx_it.o
    0x08003252   0x0000007e   Code   RO           14    i.SystemClock_Config  main.o
    0x080032d0   0x00000048   Code   RO          405    i.SystemInit        system_stm32f1xx.o
    0x08003318   0x000000d8   Code   RO         2451    i.TM_BMP180_Init    tm_stm32f4_bmp180.o
    0x080033f0   0x00000210   Code   RO         2452    i.TM_BMP180_ReadPressure  tm_stm32f4_bmp180.o
    0x08003600   0x00000084   Code   RO         2453    i.TM_BMP180_ReadTemperature  tm_stm32f4_bmp180.o
    0x08003684   0x00000078   Code   RO         2454    i.TM_BMP180_StartPressure  tm_stm32f4_bmp180.o
    0x080036fc   0x00000044   Code   RO         2455    i.TM_BMP180_StartTemperature  tm_stm32f4_bmp180.o
    0x08003740   0x0000006c   Code   RO         2509    i.TM_GPS_ConvertFloat  rover_gps.o
    0x080037ac   0x000000a8   Code   RO         2510    i.TM_GPS_ConvertSpeed  rover_gps.o
    0x08003854   0x0000002c   Code   RO         2512    i.TM_GPS_INT_Atoi   rover_gps.o
    0x08003880   0x0000010c   Code   RO         2513    i.TM_GPS_INT_CheckEmpty  rover_gps.o
    0x0800398c   0x000006f8   Code   RO         2514    i.TM_GPS_INT_CheckTerm  rover_gps.o
    0x08004084   0x00000028   Code   RO         2515    i.TM_GPS_INT_ClearFlags  rover_gps.o
    0x080040ac   0x00000100   Code   RO         2516    i.TM_GPS_INT_Do     rover_gps.o
    0x080041ac   0x00000038   Code   RO         2517    i.TM_GPS_INT_FlagsOk  rover_gps.o
    0x080041e4   0x0000002c   Code   RO         2518    i.TM_GPS_INT_Hex2Dec  rover_gps.o
    0x08004210   0x00000010   Code   RO         2519    i.TM_GPS_INT_Pow    rover_gps.o
    0x08004220   0x000000c0   Code   RO         2520    i.TM_GPS_INT_Return  rover_gps.o
    0x080042e0   0x0000001a   Code   RO         2521    i.TM_GPS_INT_StringStartsWith  rover_gps.o
    0x080042fa   0x00000002   PAD
    0x080042fc   0x0000004c   Code   RO         2522    i.TM_GPS_Update     rover_gps.o
    0x08004348   0x0000002a   Code   RO         1793    i.UART_EndTransmit_IT  stm32f1xx_hal_uart.o
    0x08004372   0x000000b0   Code   RO         1794    i.UART_Receive_IT   stm32f1xx_hal_uart.o
    0x08004422   0x00000002   PAD
    0x08004424   0x0000019c   Code   RO         1795    i.UART_SetConfig    stm32f1xx_hal_uart.o
    0x080045c0   0x0000006a   Code   RO         1796    i.UART_Transmit_IT  stm32f1xx_hal_uart.o
    0x0800462a   0x000000c6   Code   RO         1797    i.UART_WaitOnFlagUntilTimeout  stm32f1xx_hal_uart.o
    0x080046f0   0x0000000c   Code   RO          258    i.USART1_IRQHandler  stm32f1xx_it.o
    0x080046fc   0x0000000c   Code   RO          259    i.USART2_IRQHandler  stm32f1xx_it.o
    0x08004708   0x0000000c   Code   RO          260    i.USART3_IRQHandler  stm32f1xx_it.o
    0x08004714   0x00000002   Code   RO          261    i.UsageFault_Handler  stm32f1xx_it.o
    0x08004716   0x00000002   PAD
    0x08004718   0x00000028   Code   RO         2934    i.__0sprintf        mc_w.l(printfa.o)
    0x08004740   0x00000028   Code   RO         3055    i.__ARM_fpclassify  m_ws.l(fpclassify.o)
    0x08004768   0x00000008   Code   RO         3102    i.__aeabi_errno_addr  mc_w.l(errno.o)
    0x08004770   0x000000aa   Code   RO         3057    i.__kernel_poly     m_ws.l(poly.o)
    0x0800481a   0x00000002   PAD
    0x0800481c   0x00000010   Code   RO         3041    i.__mathlib_dbl_divzero  m_ws.l(dunder.o)
    0x0800482c   0x00000006   Code   RO         3042    i.__mathlib_dbl_infnan  m_ws.l(dunder.o)
    0x08004832   0x00000004   Code   RO         3043    i.__mathlib_dbl_infnan2  m_ws.l(dunder.o)
    0x08004836   0x0000000c   Code   RO         3044    i.__mathlib_dbl_invalid  m_ws.l(dunder.o)
    0x08004842   0x0000000e   Code   RO         3045    i.__mathlib_dbl_overflow  m_ws.l(dunder.o)
    0x08004850   0x00000010   Code   RO         3047    i.__mathlib_dbl_underflow  m_ws.l(dunder.o)
    0x08004860   0x0000000c   Code   RO         3103    i.__read_errno      mc_w.l(errno.o)
    0x0800486c   0x0000000e   Code   RO         3177    i.__scatterload_copy  mc_w.l(handlers.o)
    0x0800487a   0x00000002   Code   RO         3178    i.__scatterload_null  mc_w.l(handlers.o)
    0x0800487c   0x0000000e   Code   RO         3179    i.__scatterload_zeroinit  mc_w.l(handlers.o)
    0x0800488a   0x00000002   PAD
    0x0800488c   0x0000000c   Code   RO         3104    i.__set_errno       mc_w.l(errno.o)
    0x08004898   0x00000184   Code   RO         2939    i._fp_digits        mc_w.l(printfa.o)
    0x08004a1c   0x0000000e   Code   RO         3161    i._is_digit         mc_w.l(scanf_fp.o)
    0x08004a2a   0x00000002   PAD
    0x08004a2c   0x000006dc   Code   RO         2940    i._printf_core      mc_w.l(printfa.o)
    0x08005108   0x00000024   Code   RO         2941    i._printf_post_padding  mc_w.l(printfa.o)
    0x0800512c   0x0000002e   Code   RO         2942    i._printf_pre_padding  mc_w.l(printfa.o)
    0x0800515a   0x0000000a   Code   RO         2944    i._sputc            mc_w.l(printfa.o)
    0x08005164   0x00000220   Code   RO         3029    i.atan              m_ws.l(atan.o)
    0x08005384   0x00000180   Code   RO         2645    i.atan2             m_ws.l(atan2.o)
    0x08005504   0x0000002a   Code   RO         2653    i.atof              m_ws.l(atof.o)
    0x0800552e   0x0000001e   Code   RO         2523    i.checksum          rover_gps.o
    0x0800554c   0x00000060   Code   RO           15    i.coor_check        main.o
    0x080055ac   0x00000064   Code   RO         2325    i.imu_begin         mpu6050.o
    0x08005610   0x0000021c   Code   RO         2329    i.kalman_filter     mpu6050.o
    0x0800582c   0x0000006c   Code   RO         2330    i.magnet_calibration  mpu6050.o
    0x08005898   0x00000108   Code   RO         2331    i.magnet_read_data  mpu6050.o
    0x080059a0   0x00000918   Code   RO           17    i.main              main.o
    0x080062b8   0x000009d8   Code   RO         2665    i.pow               m_ws.l(pow.o)
    0x08006c90   0x00000318   Code   RO         2526    i.read_gps_data     rover_gps.o
    0x08006fa8   0x00000028   Code   RO         2332    i.read_register     mpu6050.o
    0x08006fd0   0x000000c4   Code   RO           18    i.send_message_to_mc  main.o
    0x08007094   0x0000004c   Code   RO         2683    i.sqrt              m_ws.l(sqrt.o)
    0x080070e0   0x00000028   Code   RO         2334    i.write_register    mpu6050.o
    0x08007108   0x00000010   Data   RO          406    .constdata          system_stm32f1xx.o
    0x08007118   0x00000008   Data   RO          407    .constdata          system_stm32f1xx.o
    0x08007120   0x00000088   Data   RO         2666    .constdata          m_ws.l(pow.o)
    0x080071a8   0x00000098   Data   RO         3030    .constdata          m_ws.l(atan.o)
    0x08007240   0x00000008   Data   RO         3059    .constdata          m_ws.l(qnan.o)
    0x08007248   0x00000081   Data   RO         3132    .constdata          mc_w.l(ctype_o.o)
    0x080072c9   0x00000003   PAD
    0x080072cc   0x00000004   Data   RO         3133    .constdata          mc_w.l(ctype_o.o)
    0x080072d0   0x00000020   Data   RO         3175    Region$$Table       anon$$obj.o


    Execution Region RW_IRAM1 (Base: 0x20000000, Size: 0x00000b00, Max: 0x00005000, ABSOLUTE)

    Base Addr    Size         Type   Attr      Idx    E Section Name        Object

    0x20000000   0x00000096   Data   RW           25    .data               main.o
    0x20000096   0x00000002   PAD
    0x20000098   0x00000004   Data   RW          408    .data               system_stm32f1xx.o
    0x2000009c   0x00000004   Data   RW          504    .data               stm32f1xx_hal.o
    0x200000a0   0x00000014   Data   RW         2336    .data               mpu6050.o
    0x200000b4   0x00000048   Data   RW         2456    .data               tm_stm32f4_bmp180.o
    0x200000fc   0x0000001b   Data   RW         2528    .data               rover_gps.o
    0x20000117   0x00000001   PAD
    0x20000118   0x00000004   Data   RW         3105    .data               mc_w.l(errno.o)
    0x2000011c   0x000002fe   Zero   RW           19    .bss                main.o
    0x2000041a   0x00000002   PAD
    0x2000041c   0x00000094   Zero   RW         2335    .bss                mpu6050.o
    0x200004b0   0x00000250   Zero   RW         2527    .bss                rover_gps.o
    0x20000700   0x00000400   Zero   RW          439    STACK               startup_stm32f103xb.o


==============================================================================

Image component sizes


      Code (inc. data)   RO Data    RW Data    ZI Data      Debug   Object Name

      3432        324          0        150        766     466439   main.o
      1092        100          0         20        148       6086   mpu6050.o
      3900        564          0         27        592      16817   rover_gps.o
        36          8        236          0       1024        748   startup_stm32f103xb.o
       120         16          0          4          0       3446   stm32f1xx_hal.o
       802         20          0          0          0       3188   stm32f1xx_hal_adc.o
       232         14          0          0          0      27289   stm32f1xx_hal_cortex.o
       506         32          0          0          0       2912   stm32f1xx_hal_gpio.o
      2404         40          0          0          0      12518   stm32f1xx_hal_i2c.o
       100          0          0          0          0       1583   stm32f1xx_hal_iwdg.o
       536         68          0          0          0       2825   stm32f1xx_hal_msp.o
      2238         82          0          0          0       6212   stm32f1xx_hal_rcc.o
       304         12          0          0          0       1336   stm32f1xx_hal_rcc_ex.o
      1644          4          0          0          0       9386   stm32f1xx_hal_uart.o
        66         18          0          0          0       4842   stm32f1xx_it.o
        72         16         24          4          0       1323   system_stm32f1xx.o
      1064         54          0         72          0       5182   tm_stm32f4_bmp180.o

    ----------------------------------------------------------------------
     18564       1372        292        280       2532     572132   Object Totals
         0          0         32          0          0          0   (incl. Generated)
        16          0          0          3          2          0   (incl. Padding)

    ----------------------------------------------------------------------

      Code (inc. data)   RO Data    RW Data    ZI Data      Debug   Library Member Name

       544         70        152          0          0        124   atan.o
       384         38          0          0          0        144   atan2.o
        42          0          0          0          0         84   atof.o
        68         10          0          0          0        408   dunder.o
        40          0          0          0          0         68   fpclassify.o
       170          0          0          0          0         96   poly.o
      2520        190        136          0          0        324   pow.o
         0          0          8          0          0          0   qnan.o
        76          0          0          0          0         84   sqrt.o
        28          0          0          0          0         68   _chval.o
        64          0          0          0          0         84   _sgetc.o
       158          0          0          0          0         92   _strtoul.o
        26          0          0          0          0         80   atoi.o
         8          4        133          0          0         68   ctype_o.o
         0          0          0          0          0          0   entry.o
         0          0          0          0          0          0   entry10a.o
         0          0          0          0          0          0   entry11a.o
         8          4          0          0          0          0   entry2.o
         4          0          0          0          0          0   entry5.o
         0          0          0          0          0          0   entry7b.o
         0          0          0          0          0          0   entry8b.o
         8          4          0          0          0          0   entry9a.o
        32         16          0          4          0        204   errno.o
        30          0          0          0          0          0   handlers.o
        36          8          0          0          0         68   init.o
        18          0          0          0          0         76   isspace_o.o
         0          0          0          0          0          0   iusefp.o
        30          0          0          0          0         68   llshl.o
        36          0          0          0          0         68   llsshr.o
        32          0          0          0          0         68   llushr.o
      2276         86          0          0          0        520   printfa.o
       838         12          0          0          0        216   scanf_fp.o
        18          0          0          0          0         68   strcpy.o
        14          0          0          0          0         68   strlen.o
       156         12          0          0          0        120   strtod.o
       112          0          0          0          0         88   strtol.o
        44          0          0          0          0         80   uidiv.o
        98          0          0          0          0         92   uldiv.o
        48          0          0          0          0         68   cdrcmple.o
        20          0          0          0          0         68   cfcmple.o
        20          0          0          0          0         68   cfrcmple.o
        56          0          0          0          0         88   d2f.o
       334          0          0          0          0        148   dadd.o
       222          0          0          0          0        100   ddiv.o
       186          0          0          0          0        176   depilogue.o
        62          0          0          0          0         80   dfixi.o
        48          0          0          0          0         68   dfixul.o
        34          0          0          0          0         76   dflti.o
        26          0          0          0          0         76   dfltui.o
        24          0          0          0          0         76   dfltul.o
       228          0          0          0          0         96   dmul.o
        46          0          0          0          0         80   dscalb.o
       162          0          0          0          0        100   dsqrt.o
        38          0          0          0          0         68   f2d.o
       176          0          0          0          0        140   fadd.o
       124          0          0          0          0         88   fdiv.o
       110          0          0          0          0        168   fepilogue.o
        50          0          0          0          0         68   ffixi.o
        40          0          0          0          0         68   ffixui.o
        18          0          0          0          0         68   fflti.o
        10          0          0          0          0         68   ffltui.o
       100          0          0          0          0         76   fmul.o
        24          0          0          0          0         68   fscalb.o

    ----------------------------------------------------------------------
     10136        454        432          4          0       5776   Library Totals
        12          0          3          0          0          0   (incl. Padding)

    ----------------------------------------------------------------------

      Code (inc. data)   RO Data    RW Data    ZI Data      Debug   Library Name

      3844        308        296          0          0       1332   m_ws.l
      4074        146        133          4          0       2196   mc_w.l
      2206          0          0          0          0       2248   mf_w.l

    ----------------------------------------------------------------------
     10136        454        432          4          0       5776   Library Totals

    ----------------------------------------------------------------------

==============================================================================


      Code (inc. data)   RO Data    RW Data    ZI Data      Debug   

     28700       1826        724        284       2532     569532   Grand Totals
     28700       1826        724        284       2532     569532   ELF Image Totals
     28700       1826        724        284          0          0   ROM Totals

==============================================================================

    Total RO  Size (Code + RO Data)                29424 (  28.73kB)
    Total RW  Size (RW Data + ZI Data)              2816 (   2.75kB)
    Total ROM Size (Code + RO Data + RW Data)      29708 (  29.01kB)

==============================================================================

